../Core/Src/main.c:122:6:HAL_ADC_ConvCpltCallback	16	static
../Core/Src/main.c:129:6:HAL_CAN_RxFifo0MsgPendingCallback	16	static
../Core/Src/main.c:147:6:HAL_CAN_TxMailbox0CompleteCallback	16	static
../Core/Src/main.c:153:6:HAL_CAN_TxMailbox1CompleteCallback	16	static
../Core/Src/main.c:159:6:HAL_CAN_TxMailbox2CompleteCallback	16	static
../Core/Src/main.c:166:19:HAL_CAN_SafeAddTxMessage	56	static
../Core/Src/main.c:209:5:main	8	static
../Core/Src/main.c:297:6:SystemClock_Config	96	static
../Core/Src/main.c:346:13:MX_ADC1_Init	32	static
../Core/Src/main.c:440:13:MX_CAN1_Init	8	static
../Core/Src/main.c:477:13:MX_USART1_UART_Init	8	static
../Core/Src/main.c:510:13:MX_DMA_Init	16	static
../Core/Src/main.c:528:13:MX_GPIO_Init	40	static
../Core/Src/main.c:580:6:AdcTask	40	static
../Core/Src/main.c:627:6:CanTask	56	static
../Core/Src/main.c:683:6:HAL_TIM_PeriodElapsedCallback	16	static
../Core/Src/main.c:700:6:Error_Handler	4	static,ignoring_inline_asm
