../Core/Src/main.c:87:6:HAL_ADC_ConvCpltCallback	16	static
../Core/Src/main.c:104:5:main	8	static
../Core/Src/main.c:186:6:SystemClock_Config	96	static
../Core/Src/main.c:236:13:MX_ADC1_Init	32	static
../Core/Src/main.c:330:13:MX_CAN1_Init	8	static
../Core/Src/main.c:367:13:MX_USART1_UART_Init	8	static
../Core/Src/main.c:400:13:MX_DMA_Init	16	static
../Core/Src/main.c:418:13:MX_GPIO_Init	40	static
../Core/Src/main.c:474:6:StartAdcTask	32	static
../Core/Src/main.c:505:6:Error_Handler	4	static,ignoring_inline_asm
