Archive member included to satisfy reference by file (symbol)

/usr/share/gcc-arm-none-eabi-10.3-2021.10/bin/../lib/gcc/arm-none-eabi/10.3.1/../../../../arm-none-eabi/lib/thumb/v7e-m+fp/hard/libc_nano.a(lib_a-exit.o)
                              /usr/share/gcc-arm-none-eabi-10.3-2021.10/bin/../lib/gcc/arm-none-eabi/10.3.1/../../../../arm-none-eabi/lib/thumb/v7e-m+fp/hard/crt0.o (exit)
/usr/share/gcc-arm-none-eabi-10.3-2021.10/bin/../lib/gcc/arm-none-eabi/10.3.1/../../../../arm-none-eabi/lib/thumb/v7e-m+fp/hard/libc_nano.a(lib_a-impure.o)
                              /usr/share/gcc-arm-none-eabi-10.3-2021.10/bin/../lib/gcc/arm-none-eabi/10.3.1/../../../../arm-none-eabi/lib/thumb/v7e-m+fp/hard/libc_nano.a(lib_a-exit.o) (_global_impure_ptr)
/usr/share/gcc-arm-none-eabi-10.3-2021.10/bin/../lib/gcc/arm-none-eabi/10.3.1/../../../../arm-none-eabi/lib/thumb/v7e-m+fp/hard/libc_nano.a(lib_a-init.o)
                              /usr/share/gcc-arm-none-eabi-10.3-2021.10/bin/../lib/gcc/arm-none-eabi/10.3.1/../../../../arm-none-eabi/lib/thumb/v7e-m+fp/hard/crt0.o (__libc_init_array)
/usr/share/gcc-arm-none-eabi-10.3-2021.10/bin/../lib/gcc/arm-none-eabi/10.3.1/../../../../arm-none-eabi/lib/thumb/v7e-m+fp/hard/libc_nano.a(lib_a-memset.o)
                              /usr/share/gcc-arm-none-eabi-10.3-2021.10/bin/../lib/gcc/arm-none-eabi/10.3.1/../../../../arm-none-eabi/lib/thumb/v7e-m+fp/hard/crt0.o (memset)
/usr/share/gcc-arm-none-eabi-10.3-2021.10/bin/../lib/gcc/arm-none-eabi/10.3.1/../../../../arm-none-eabi/lib/thumb/v7e-m+fp/hard/libc_nano.a(lib_a-nano-vfprintf_float.o)
                              (_printf_float)
/usr/share/gcc-arm-none-eabi-10.3-2021.10/bin/../lib/gcc/arm-none-eabi/10.3.1/../../../../arm-none-eabi/lib/thumb/v7e-m+fp/hard/libc_nano.a(lib_a-nano-vfprintf_i.o)
                              /usr/share/gcc-arm-none-eabi-10.3-2021.10/bin/../lib/gcc/arm-none-eabi/10.3.1/../../../../arm-none-eabi/lib/thumb/v7e-m+fp/hard/libc_nano.a(lib_a-nano-vfprintf_float.o) (_printf_common)
/usr/share/gcc-arm-none-eabi-10.3-2021.10/bin/../lib/gcc/arm-none-eabi/10.3.1/../../../../arm-none-eabi/lib/thumb/v7e-m+fp/hard/libc_nano.a(lib_a-strlen.o)
                              /usr/share/gcc-arm-none-eabi-10.3-2021.10/bin/../lib/gcc/arm-none-eabi/10.3.1/../../../../arm-none-eabi/lib/thumb/v7e-m+fp/hard/libc_nano.a(lib_a-nano-vfprintf_float.o) (strlen)
/usr/share/gcc-arm-none-eabi-10.3-2021.10/bin/../lib/gcc/arm-none-eabi/10.3.1/../../../../arm-none-eabi/lib/thumb/v7e-m+fp/hard/libc_nano.a(lib_a-dtoa.o)
                              /usr/share/gcc-arm-none-eabi-10.3-2021.10/bin/../lib/gcc/arm-none-eabi/10.3.1/../../../../arm-none-eabi/lib/thumb/v7e-m+fp/hard/libc_nano.a(lib_a-nano-vfprintf_float.o) (_dtoa_r)
/usr/share/gcc-arm-none-eabi-10.3-2021.10/bin/../lib/gcc/arm-none-eabi/10.3.1/../../../../arm-none-eabi/lib/thumb/v7e-m+fp/hard/libc_nano.a(lib_a-localeconv.o)
                              /usr/share/gcc-arm-none-eabi-10.3-2021.10/bin/../lib/gcc/arm-none-eabi/10.3.1/../../../../arm-none-eabi/lib/thumb/v7e-m+fp/hard/libc_nano.a(lib_a-nano-vfprintf_float.o) (_localeconv_r)
/usr/share/gcc-arm-none-eabi-10.3-2021.10/bin/../lib/gcc/arm-none-eabi/10.3.1/../../../../arm-none-eabi/lib/thumb/v7e-m+fp/hard/libc_nano.a(lib_a-malloc.o)
                              /usr/share/gcc-arm-none-eabi-10.3-2021.10/bin/../lib/gcc/arm-none-eabi/10.3.1/../../../../arm-none-eabi/lib/thumb/v7e-m+fp/hard/libc_nano.a(lib_a-dtoa.o) (malloc)
/usr/share/gcc-arm-none-eabi-10.3-2021.10/bin/../lib/gcc/arm-none-eabi/10.3.1/../../../../arm-none-eabi/lib/thumb/v7e-m+fp/hard/libc_nano.a(lib_a-memchr.o)
                              /usr/share/gcc-arm-none-eabi-10.3-2021.10/bin/../lib/gcc/arm-none-eabi/10.3.1/../../../../arm-none-eabi/lib/thumb/v7e-m+fp/hard/libc_nano.a(lib_a-nano-vfprintf_i.o) (memchr)
/usr/share/gcc-arm-none-eabi-10.3-2021.10/bin/../lib/gcc/arm-none-eabi/10.3.1/../../../../arm-none-eabi/lib/thumb/v7e-m+fp/hard/libc_nano.a(lib_a-memcpy-stub.o)
                              /usr/share/gcc-arm-none-eabi-10.3-2021.10/bin/../lib/gcc/arm-none-eabi/10.3.1/../../../../arm-none-eabi/lib/thumb/v7e-m+fp/hard/libc_nano.a(lib_a-dtoa.o) (memcpy)
/usr/share/gcc-arm-none-eabi-10.3-2021.10/bin/../lib/gcc/arm-none-eabi/10.3.1/../../../../arm-none-eabi/lib/thumb/v7e-m+fp/hard/libc_nano.a(lib_a-mprec.o)
                              /usr/share/gcc-arm-none-eabi-10.3-2021.10/bin/../lib/gcc/arm-none-eabi/10.3.1/../../../../arm-none-eabi/lib/thumb/v7e-m+fp/hard/libc_nano.a(lib_a-dtoa.o) (_Balloc)
/usr/share/gcc-arm-none-eabi-10.3-2021.10/bin/../lib/gcc/arm-none-eabi/10.3.1/../../../../arm-none-eabi/lib/thumb/v7e-m+fp/hard/libc_nano.a(lib_a-nano-callocr.o)
                              /usr/share/gcc-arm-none-eabi-10.3-2021.10/bin/../lib/gcc/arm-none-eabi/10.3.1/../../../../arm-none-eabi/lib/thumb/v7e-m+fp/hard/libc_nano.a(lib_a-mprec.o) (_calloc_r)
[...]
Memory Configuration

Name             Origin             Length             Attributes
RAM              0x0000000020000000 0x0000000000010000 xrw
RAM2             0x0000000010000000 0x0000000000004000 xrw
FLASH            0x0000000008000000 0x0000000000040000 xr
*default*        0x0000000000000000 0xffffffffffffffff

Linker script and memory map

LOAD /usr/share/gcc-arm-none-eabi-10.3-2021.10/bin/../lib/gcc/arm-none-eabi/10.3.1/thumb/v7e-m+fp/hard/crti.o
LOAD /usr/share/gcc-arm-none-eabi-10.3-2021.10/bin/../lib/gcc/arm-none-eabi/10.3.1/thumb/v7e-m+fp/hard/crtbegin.o
LOAD /usr/share/gcc-arm-none-eabi-10.3-2021.10/bin/../lib/gcc/arm-none-eabi/10.3.1/../../../../arm-none-eabi/lib/thumb/v7e-m+fp/hard/crt0.o
START GROUP
LOAD /usr/share/gcc-arm-none-eabi-10.3-2021.10/bin/../lib/gcc/arm-none-eabi/10.3.1/../../../../arm-none-eabi/lib/thumb/v7e-m+fp/hard/libc_nano.a
LOAD /usr/share/gcc-arm-none-eabi-10.3-2021.10/bin/../lib/gcc/arm-none-eabi/10.3.1/../../../../arm-none-eabi/lib/thumb/v7e-m+fp/hard/libm.a
END GROUP
LOAD CMakeFiles/FCC_CMAKE_TEST.dir/Core/Src/ADS1115.c.obj
LOAD CMakeFiles/FCC_CMAKE_TEST.dir/Core/Src/lis3dh_driver.c.obj
LOAD CMakeFiles/FCC_CMAKE_TEST.dir/Core/Src/main.c.obj
LOAD CMakeFiles/FCC_CMAKE_TEST.dir/Core/Src/freertos.c.obj
LOAD CMakeFiles/FCC_CMAKE_TEST.dir/Core/Src/stm32l4xx_it.c.obj
LOAD CMakeFiles/FCC_CMAKE_TEST.dir/Core/Src/stm32l4xx_hal_msp.c.obj
LOAD CMakeFiles/FCC_CMAKE_TEST.dir/Core/Src/stm32l4xx_hal_timebase_tim.c.obj
LOAD CMakeFiles/FCC_CMAKE_TEST.dir/Drivers/STM32L4xx_HAL_Driver/Src/stm32l4xx_hal_can.c.obj
LOAD CMakeFiles/FCC_CMAKE_TEST.dir/Drivers/STM32L4xx_HAL_Driver/Src/stm32l4xx_hal.c.obj
LOAD CMakeFiles/FCC_CMAKE_TEST.dir/Drivers/STM32L4xx_HAL_Driver/Src/stm32l4xx_hal_rcc.c.obj
LOAD CMakeFiles/FCC_CMAKE_TEST.dir/Drivers/STM32L4xx_HAL_Driver/Src/stm32l4xx_hal_rcc_ex.c.obj
LOAD CMakeFiles/FCC_CMAKE_TEST.dir/Drivers/STM32L4xx_HAL_Driver/Src/stm32l4xx_hal_flash.c.obj
LOAD CMakeFiles/FCC_CMAKE_TEST.dir/Drivers/STM32L4xx_HAL_Driver/Src/stm32l4xx_hal_flash_ex.c.obj
LOAD CMakeFiles/FCC_CMAKE_TEST.dir/Drivers/STM32L4xx_HAL_Driver/Src/stm32l4xx_hal_flash_ramfunc.c.obj
LOAD CMakeFiles/FCC_CMAKE_TEST.dir/Drivers/STM32L4xx_HAL_Driver/Src/stm32l4xx_hal_gpio.c.obj
LOAD CMakeFiles/FCC_CMAKE_TEST.dir/Drivers/STM32L4xx_HAL_Driver/Src/stm32l4xx_hal_i2c.c.obj
LOAD CMakeFiles/FCC_CMAKE_TEST.dir/Drivers/STM32L4xx_HAL_Driver/Src/stm32l4xx_hal_i2c_ex.c.obj
LOAD CMakeFiles/FCC_CMAKE_TEST.dir/Drivers/STM32L4xx_HAL_Driver/Src/stm32l4xx_hal_dma.c.obj
LOAD CMakeFiles/FCC_CMAKE_TEST.dir/Drivers/STM32L4xx_HAL_Driver/Src/stm32l4xx_hal_dma_ex.c.obj
LOAD CMakeFiles/FCC_CMAKE_TEST.dir/Drivers/STM32L4xx_HAL_Driver/Src/stm32l4xx_hal_pwr.c.obj
LOAD CMakeFiles/FCC_CMAKE_TEST.dir/Drivers/STM32L4xx_HAL_Driver/Src/stm32l4xx_hal_pwr_ex.c.obj
LOAD CMakeFiles/FCC_CMAKE_TEST.dir/Drivers/STM32L4xx_HAL_Driver/Src/stm32l4xx_hal_cortex.c.obj
LOAD CMakeFiles/FCC_CMAKE_TEST.dir/Drivers/STM32L4xx_HAL_Driver/Src/stm32l4xx_hal_exti.c.obj
LOAD CMakeFiles/FCC_CMAKE_TEST.dir/Drivers/STM32L4xx_HAL_Driver/Src/stm32l4xx_hal_tim.c.obj
LOAD CMakeFiles/FCC_CMAKE_TEST.dir/Drivers/STM32L4xx_HAL_Driver/Src/stm32l4xx_hal_tim_ex.c.obj
LOAD CMakeFiles/FCC_CMAKE_TEST.dir/Drivers/STM32L4xx_HAL_Driver/Src/stm32l4xx_hal_uart.c.obj
LOAD CMakeFiles/FCC_CMAKE_TEST.dir/Drivers/STM32L4xx_HAL_Driver/Src/stm32l4xx_hal_uart_ex.c.obj
LOAD CMakeFiles/FCC_CMAKE_TEST.dir/Core/Src/system_stm32l4xx.c.obj
LOAD CMakeFiles/FCC_CMAKE_TEST.dir/Middlewares/Third_Party/FreeRTOS/Source/croutine.c.obj
LOAD CMakeFiles/FCC_CMAKE_TEST.dir/Middlewares/Third_Party/FreeRTOS/Source/event_groups.c.obj
LOAD CMakeFiles/FCC_CMAKE_TEST.dir/Middlewares/Third_Party/FreeRTOS/Source/list.c.obj
LOAD CMakeFiles/FCC_CMAKE_TEST.dir/Middlewares/Third_Party/FreeRTOS/Source/queue.c.obj
LOAD CMakeFiles/FCC_CMAKE_TEST.dir/Middlewares/Third_Party/FreeRTOS/Source/stream_buffer.c.obj
LOAD CMakeFiles/FCC_CMAKE_TEST.dir/Middlewares/Third_Party/FreeRTOS/Source/tasks.c.obj
LOAD CMakeFiles/FCC_CMAKE_TEST.dir/Middlewares/Third_Party/FreeRTOS/Source/timers.c.obj
LOAD CMakeFiles/FCC_CMAKE_TEST.dir/Middlewares/Third_Party/FreeRTOS/Source/CMSIS_RTOS_V2/cmsis_os2.c.obj
LOAD CMakeFiles/FCC_CMAKE_TEST.dir/Middlewares/Third_Party/FreeRTOS/Source/portable/MemMang/heap_4.c.obj
LOAD CMakeFiles/FCC_CMAKE_TEST.dir/Middlewares/Third_Party/FreeRTOS/Source/portable/GCC/ARM_CM4F/port.c.obj
LOAD CMakeFiles/FCC_CMAKE_TEST.dir/Core/Src/sysmem.c.obj
LOAD CMakeFiles/FCC_CMAKE_TEST.dir/Core/Src/syscalls.c.obj
LOAD CMakeFiles/FCC_CMAKE_TEST.dir/startup_stm32l432xx.s.obj
START GROUP
LOAD /usr/share/gcc-arm-none-eabi-10.3-2021.10/bin/../lib/gcc/arm-none-eabi/10.3.1/thumb/v7e-m+fp/hard/libgcc.a
LOAD /usr/share/gcc-arm-none-eabi-10.3-2021.10/bin/../lib/gcc/arm-none-eabi/10.3.1/../../../../arm-none-eabi/lib/thumb/v7e-m+fp/hard/libg_nano.a
LOAD /usr/share/gcc-arm-none-eabi-10.3-2021.10/bin/../lib/gcc/arm-none-eabi/10.3.1/../../../../arm-none-eabi/lib/thumb/v7e-m+fp/hard/libc_nano.a
END GROUP
START GROUP
LOAD /usr/share/gcc-arm-none-eabi-10.3-2021.10/bin/../lib/gcc/arm-none-eabi/10.3.1/thumb/v7e-m+fp/hard/libgcc.a
LOAD /usr/share/gcc-arm-none-eabi-10.3-2021.10/bin/../lib/gcc/arm-none-eabi/10.3.1/../../../../arm-none-eabi/lib/thumb/v7e-m+fp/hard/libc_nano.a
END GROUP
LOAD /usr/share/gcc-arm-none-eabi-10.3-2021.10/bin/../lib/gcc/arm-none-eabi/10.3.1/thumb/v7e-m+fp/hard/crtend.o
LOAD /usr/share/gcc-arm-none-eabi-10.3-2021.10/bin/../lib/gcc/arm-none-eabi/10.3.1/thumb/v7e-m+fp/hard/crtn.o
                0x0000000020010000                _estack = (ORIGIN (RAM) + LENGTH (RAM))
                0x0000000000000200                _Min_Heap_Size = 0x200
                0x0000000000000400                _Min_Stack_Size = 0x400

.isr_vector     0x0000000008000000      0x190
                0x0000000008000000                . = ALIGN (0x8)
 *(.isr_vector)
 .isr_vector    0x0000000008000000      0x18c CMakeFiles/FCC_CMAKE_TEST.dir/startup_stm32l432xx.s.obj
                0x0000000008000000                g_pfnVectors
                0x0000000008000190                . = ALIGN (0x8)
 *fill*         0x000000000800018c        0x4 

.text           0x0000000008000190     0xf7f8
                0x0000000008000190                . = ALIGN (0x8)
 *(.text)
 .text          0x0000000008000190       0x40 /usr/share/gcc-arm-none-eabi-10.3-2021.10/bin/../lib/gcc/arm-none-eabi/10.3.1/thumb/v7e-m+fp/hard/crtbegin.o
 .text          0x00000000080001d0       0x10 /usr/share/gcc-arm-none-eabi-10.3-2021.10/bin/../lib/gcc/arm-none-eabi/10.3.1/../../../../arm-none-eabi/lib/thumb/v7e-m+fp/hard/libc_nano.a(lib_a-strlen.o)
                0x00000000080001d0                strlen
 .text          0x00000000080001e0       0xa0 /usr/share/gcc-arm-none-eabi-10.3-2021.10/bin/../lib/gcc/arm-none-eabi/10.3.1/../../../../arm-none-eabi/lib/thumb/v7e-m+fp/hard/libc_nano.a(lib_a-memchr.o)
                0x00000000080001e0                memchr
 .text          0x0000000008000280      0x378 /usr/share/gcc-arm-none-eabi-10.3-2021.10/bin/../lib/gcc/arm-none-eabi/10.3.1/thumb/v7e-m+fp/hard/libgcc.a(_arm_addsubdf3.o)
                0x0000000008000280                __aeabi_drsub
                0x0000000008000288                __aeabi_dsub
                0x0000000008000288                __subdf3
                0x000000000800028c                __adddf3
                0x000000000800028c                __aeabi_dadd
                0x0000000008000504                __aeabi_ui2d
                0x0000000008000504                __floatunsidf
                0x0000000008000524                __floatsidf
                0x0000000008000524                __aeabi_i2d
                0x0000000008000548                __extendsfdf2
                0x0000000008000548                __aeabi_f2d
                0x000000000800058c                __aeabi_ul2d
                0x000000000800058c                __floatundidf
                0x000000000800059c                __floatdidf
                0x000000000800059c                __aeabi_l2d
 .text          0x00000000080005f8      0x424 /usr/share/gcc-arm-none-eabi-10.3-2021.10/bin/../lib/gcc/arm-none-eabi/10.3.1/thumb/v7e-m+fp/hard/libgcc.a(_arm_muldivdf3.o)
                0x00000000080005f8                __aeabi_dmul
                0x00000000080005f8                __muldf3
                0x000000000800084c                __aeabi_ddiv
                0x000000000800084c                __divdf3
 .text          0x0000000008000a1c      0x110 /usr/share/gcc-arm-none-eabi-10.3-2021.10/bin/../lib/gcc/arm-none-eabi/10.3.1/thumb/v7e-m+fp/hard/libgcc.a(_arm_cmpdf2.o)
                0x0000000008000a1c                __gtdf2
                0x0000000008000a1c                __gedf2
                0x0000000008000a24                __ltdf2
                0x0000000008000a24                __ledf2
                0x0000000008000a2c                __cmpdf2
                0x0000000008000a2c                __eqdf2
                0x0000000008000a2c                __nedf2
                0x0000000008000aa8                __aeabi_cdrcmple
                0x0000000008000ab8                __aeabi_cdcmple
                0x0000000008000ab8                __aeabi_cdcmpeq
                0x0000000008000ac8                __aeabi_dcmpeq
                0x0000000008000adc                __aeabi_dcmplt
                0x0000000008000af0                __aeabi_dcmple
                0x0000000008000b04                __aeabi_dcmpge
                0x0000000008000b18                __aeabi_dcmpgt
 .text          0x0000000008000b2c       0x2c /usr/share/gcc-arm-none-eabi-10.3-2021.10/bin/../lib/gcc/arm-none-eabi/10.3.1/thumb/v7e-m+fp/hard/libgcc.a(_arm_unorddf2.o)
                0x0000000008000b2c                __aeabi_dcmpun
                0x0000000008000b2c                __unorddf2
 .text          0x0000000008000b58       0x50 /usr/share/gcc-arm-none-eabi-10.3-2021.10/bin/../lib/gcc/arm-none-eabi/10.3.1/thumb/v7e-m+fp/hard/libgcc.a(_arm_fixdfsi.o)
                0x0000000008000b58                __fixdfsi
                0x0000000008000b58                __aeabi_d2iz
 .text          0x0000000008000ba8       0xa0 /usr/share/gcc-arm-none-eabi-10.3-2021.10/bin/../lib/gcc/arm-none-eabi/10.3.1/thumb/v7e-m+fp/hard/libgcc.a(_arm_truncdfsf2.o)
                0x0000000008000ba8                __aeabi_d2f
                0x0000000008000ba8                __truncdfsf2
 .text          0x0000000008000c48       0x30 /usr/share/gcc-arm-none-eabi-10.3-2021.10/bin/../lib/gcc/arm-none-eabi/10.3.1/thumb/v7e-m+fp/hard/libgcc.a(_aeabi_uldivmod.o)
                0x0000000008000c48                __aeabi_uldivmod
 .text          0x0000000008000c78      0x2d0 /usr/share/gcc-arm-none-eabi-10.3-2021.10/bin/../lib/gcc/arm-none-eabi/10.3.1/thumb/v7e-m+fp/hard/libgcc.a(_udivmoddi4.o)
                0x0000000008000c78                __udivmoddi4
 .text          0x0000000008000f48        0x4 /usr/share/gcc-arm-none-eabi-10.3-2021.10/bin/../lib/gcc/arm-none-eabi/10.3.1/thumb/v7e-m+fp/hard/libgcc.a(_dvmd_tls.o)
                0x0000000008000f48                __aeabi_ldiv0
                0x0000000008000f48                __aeabi_idiv0
 *(.text*)
 .text.__libc_init_array
                0x0000000008000f4c       0x48 /usr/share/gcc-arm-none-eabi-10.3-2021.10/bin/../lib/gcc/arm-none-eabi/10.3.1/../../../../arm-none-eabi/lib/thumb/v7e-m+fp/hard/libc_nano.a(lib_a-init.o)
                0x0000000008000f4c                __libc_init_array
 .text.memset   0x0000000008000f94       0x10 /usr/share/gcc-arm-none-eabi-10.3-2021.10/bin/../lib/gcc/arm-none-eabi/10.3.1/../../../../arm-none-eabi/lib/thumb/v7e-m+fp/hard/libc_nano.a(lib_a-memset.o)
                0x0000000008000f94                memset
 .text.__cvt    0x0000000008000fa4       0xc4 /usr/share/gcc-arm-none-eabi-10.3-2021.10/bin/../lib/gcc/arm-none-eabi/10.3.1/../../../../arm-none-eabi/lib/thumb/v7e-m+fp/hard/libc_nano.a(lib_a-nano-vfprintf_float.o)
                0x0000000008000fa4                __cvt
 .text.__exponent
                0x0000000008001068       0x7c /usr/share/gcc-arm-none-eabi-10.3-2021.10/bin/../lib/gcc/arm-none-eabi/10.3.1/../../../../arm-none-eabi/lib/thumb/v7e-m+fp/hard/libc_nano.a(lib_a-nano-vfprintf_float.o)
                0x0000000008001068                __exponent
 .text._printf_float
                0x00000000080010e4      0x46c /usr/share/gcc-arm-none-eabi-10.3-2021.10/bin/../lib/gcc/arm-none-eabi/10.3.1/../../../../arm-none-eabi/lib/thumb/v7e-m+fp/hard/libc_nano.a(lib_a-nano-vfprintf_float.o)
                0x00000000080010e4                _printf_float
 .text._printf_common
                0x0000000008001550       0xda /usr/share/gcc-arm-none-eabi-10.3-2021.10/bin/../lib/gcc/arm-none-eabi/10.3.1/../../../../arm-none-eabi/lib/thumb/v7e-m+fp/hard/libc_nano.a(lib_a-nano-vfprintf_i.o)
                0x0000000008001550                _printf_common
 *fill*         0x000000000800162a        0x2 
 .text._printf_i
                0x000000000800162c      0x24c /usr/share/gcc-arm-none-eabi-10.3-2021.10/bin/../lib/gcc/arm-none-eabi/10.3.1/../../../../arm-none-eabi/lib/thumb/v7e-m+fp/hard/libc_nano.a(lib_a-nano-vfprintf_i.o)
                0x000000000800162c                _printf_i
 .text.quorem   0x0000000008001878      0x116 /usr/share/gcc-arm-none-eabi-10.3-2021.10/bin/../lib/gcc/arm-none-eabi/10.3.1/../../../../arm-none-eabi/lib/thumb/v7e-m+fp/hard/libc_nano.a(lib_a-dtoa.o)
 *fill*         0x000000000800198e        0x2 
 .text._dtoa_r  0x0000000008001990      0xbdc /usr/share/gcc-arm-none-eabi-10.3-2021.10/bin/../lib/gcc/arm-none-eabi/10.3.1/../../../../arm-none-eabi/lib/thumb/v7e-m+fp/hard/libc_nano.a(lib_a-dtoa.o)
                0x0000000008001990                _dtoa_r
 .text._localeconv_r
                0x000000000800256c        0x8 /usr/share/gcc-arm-none-eabi-10.3-2021.10/bin/../lib/gcc/arm-none-eabi/10.3.1/../../../../arm-none-eabi/lib/thumb/v7e-m+fp/hard/libc_nano.a(lib_a-localeconv.o)
                0x000000000800256c                _localeconv_r
 .text.malloc   0x0000000008002574       0x10 /usr/share/gcc-arm-none-eabi-10.3-2021.10/bin/../lib/gcc/arm-none-eabi/10.3.1/../../../../arm-none-eabi/lib/thumb/v7e-m+fp/hard/libc_nano.a(lib_a-malloc.o)
                0x0000000008002574                malloc
 .text.memcpy   0x0000000008002584       0x1c /usr/share/gcc-arm-none-eabi-10.3-2021.10/bin/../lib/gcc/arm-none-eabi/10.3.1/../../../../arm-none-eabi/lib/thumb/v7e-m+fp/hard/libc_nano.a(lib_a-memcpy-stub.o)
                0x0000000008002584                memcpy
 .text._Balloc  0x00000000080025a0       0x80 /usr/share/gcc-arm-none-eabi-10.3-2021.10/bin/../lib/gcc/arm-none-eabi/10.3.1/../../../../arm-none-eabi/lib/thumb/v7e-m+fp/hard/libc_nano.a(lib_a-mprec.o)
                0x00000000080025a0                _Balloc
 .text._Bfree   0x0000000008002620       0x44 /usr/share/gcc-arm-none-eabi-10.3-2021.10/bin/../lib/gcc/arm-none-eabi/10.3.1/../../../../arm-none-eabi/lib/thumb/v7e-m+fp/hard/libc_nano.a(lib_a-mprec.o)
                0x0000000008002620                _Bfree
 .text.__multadd
                0x0000000008002664       0x8c /usr/share/gcc-arm-none-eabi-10.3-2021.10/bin/../lib/gcc/arm-none-eabi/10.3.1/../../../../arm-none-eabi/lib/thumb/v7e-m+fp/hard/libc_nano.a(lib_a-mprec.o)
                0x0000000008002664                __multadd
 .text.__hi0bits
                0x00000000080026f0       0x40 /usr/share/gcc-arm-none-eabi-10.3-2021.10/bin/../lib/gcc/arm-none-eabi/10.3.1/../../../../arm-none-eabi/lib/thumb/v7e-m+fp/hard/libc_nano.a(lib_a-mprec.o)
                0x00000000080026f0                __hi0bits
 .text.__lo0bits
                0x0000000008002730       0x5e /usr/share/gcc-arm-none-eabi-10.3-2021.10/bin/../lib/gcc/arm-none-eabi/10.3.1/../../../../arm-none-eabi/lib/thumb/v7e-m+fp/hard/libc_nano.a(lib_a-mprec.o)
                0x0000000008002730                __lo0bits
 *fill*         0x000000000800278e        0x2 
 .text.__i2b    0x0000000008002790       0x2c /usr/share/gcc-arm-none-eabi-10.3-2021.10/bin/../lib/gcc/arm-none-eabi/10.3.1/../../../../arm-none-eabi/lib/thumb/v7e-m+fp/hard/libc_nano.a(lib_a-mprec.o)
                0x0000000008002790                __i2b
 .text.__multiply
                0x00000000080027bc      0x154 /usr/share/gcc-arm-none-eabi-10.3-2021.10/bin/../lib/gcc/arm-none-eabi/10.3.1/../../../../arm-none-eabi/lib/thumb/v7e-m+fp/hard/libc_nano.a(lib_a-mprec.o)
                0x00000000080027bc                __multiply
 .text.__pow5mult
                0x0000000008002910       0xb4 /usr/share/gcc-arm-none-eabi-10.3-2021.10/bin/../lib/gcc/arm-none-eabi/10.3.1/../../../../arm-none-eabi/lib/thumb/v7e-m+fp/hard/libc_nano.a(lib_a-mprec.o)
                0x0000000008002910                __pow5mult
 .text.__lshift
                0x00000000080029c4       0xe0 /usr/share/gcc-arm-none-eabi-10.3-2021.10/bin/../lib/gcc/arm-none-eabi/10.3.1/../../../../arm-none-eabi/lib/thumb/v7e-m+fp/hard/libc_nano.a(lib_a-mprec.o)
                0x00000000080029c4                __lshift
 .text.__mcmp   0x0000000008002aa4       0x38 /usr/share/gcc-arm-none-eabi-10.3-2021.10/bin/../lib/gcc/arm-none-eabi/10.3.1/../../../../arm-none-eabi/lib/thumb/v7e-m+fp/hard/libc_nano.a(lib_a-mprec.o)
                0x0000000008002aa4                __mcmp
 .text.__mdiff  0x0000000008002adc      0x114 /usr/share/gcc-arm-none-eabi-10.3-2021.10/bin/../lib/gcc/arm-none-eabi/10.3.1/../../../../arm-none-eabi/lib/thumb/v7e-m+fp/hard/libc_nano.a(lib_a-mprec.o)
                0x0000000008002adc                __mdiff
 .text.__d2b    0x0000000008002bf0       0xb8 /usr/share/gcc-arm-none-eabi-10.3-2021.10/bin/../lib/gcc/arm-none-eabi/10.3.1/../../../../arm-none-eabi/lib/thumb/v7e-m+fp/hard/libc_nano.a(lib_a-mprec.o)
                0x0000000008002bf0                __d2b
 .text._calloc_r
                0x0000000008002ca8       0x2c /usr/share/gcc-arm-none-eabi-10.3-2021.10/bin/../lib/gcc/arm-none-eabi/10.3.1/../../../../arm-none-eabi/lib/thumb/v7e-m+fp/hard/libc_nano.a(lib_a-nano-callocr.o)
                0x0000000008002ca8                _calloc_r
 .text._free_r  0x0000000008002cd4       0x98 /usr/share/gcc-arm-none-eabi-10.3-2021.10/bin/../lib/gcc/arm-none-eabi/10.3.1/../../../../arm-none-eabi/lib/thumb/v7e-m+fp/hard/libc_nano.a(lib_a-nano-freer.o)
                0x0000000008002cd4                _free_r
 .text.sbrk_aligned
                0x0000000008002d6c       0x40 /usr/share/gcc-arm-none-eabi-10.3-2021.10/bin/../lib/gcc/arm-none-eabi/10.3.1/../../../../arm-none-eabi/lib/thumb/v7e-m+fp/hard/libc_nano.a(lib_a-nano-mallocr.o)
 .text._malloc_r
                0x0000000008002dac       0xe8 /usr/share/gcc-arm-none-eabi-10.3-2021.10/bin/../lib/gcc/arm-none-eabi/10.3.1/../../../../arm-none-eabi/lib/thumb/v7e-m+fp/hard/libc_nano.a(lib_a-nano-mallocr.o)
                0x0000000008002dac                _malloc_r
 .text._sbrk_r  0x0000000008002e94       0x20 /usr/share/gcc-arm-none-eabi-10.3-2021.10/bin/../lib/gcc/arm-none-eabi/10.3.1/../../../../arm-none-eabi/lib/thumb/v7e-m+fp/hard/libc_nano.a(lib_a-sbrkr.o)
                0x0000000008002e94                _sbrk_r
 .text.__assert_func
                0x0000000008002eb4       0x3c /usr/share/gcc-arm-none-eabi-10.3-2021.10/bin/../lib/gcc/arm-none-eabi/10.3.1/../../../../arm-none-eabi/lib/thumb/v7e-m+fp/hard/libc_nano.a(lib_a-assert.o)
                0x0000000008002eb4                __assert_func
 .text.fprintf  0x0000000008002ef0       0x24 /usr/share/gcc-arm-none-eabi-10.3-2021.10/bin/../lib/gcc/arm-none-eabi/10.3.1/../../../../arm-none-eabi/lib/thumb/v7e-m+fp/hard/libc_nano.a(lib_a-fprintf.o)
                0x0000000008002ef0                fprintf
                0x0000000008002ef0                fiprintf
 .text.__ascii_mbtowc
                0x0000000008002f14       0x24 /usr/share/gcc-arm-none-eabi-10.3-2021.10/bin/../lib/gcc/arm-none-eabi/10.3.1/../../../../arm-none-eabi/lib/thumb/v7e-m+fp/hard/libc_nano.a(lib_a-mbtowc_r.o)
                0x0000000008002f14                __ascii_mbtowc
 .text.__malloc_lock
                0x0000000008002f38        0xc /usr/share/gcc-arm-none-eabi-10.3-2021.10/bin/../lib/gcc/arm-none-eabi/10.3.1/../../../../arm-none-eabi/lib/thumb/v7e-m+fp/hard/libc_nano.a(lib_a-mlock.o)
                0x0000000008002f38                __malloc_lock
 .text.__malloc_unlock
                0x0000000008002f44        0xc /usr/share/gcc-arm-none-eabi-10.3-2021.10/bin/../lib/gcc/arm-none-eabi/10.3.1/../../../../arm-none-eabi/lib/thumb/v7e-m+fp/hard/libc_nano.a(lib_a-mlock.o)
                0x0000000008002f44                __malloc_unlock
 .text.__sfputc_r
                0x0000000008002f50       0x2e /usr/share/gcc-arm-none-eabi-10.3-2021.10/bin/../lib/gcc/arm-none-eabi/10.3.1/../../../../arm-none-eabi/lib/thumb/v7e-m+fp/hard/libc_nano.a(lib_a-nano-vfprintf.o)
 .text.__sfputs_r
                0x0000000008002f7e       0x24 /usr/share/gcc-arm-none-eabi-10.3-2021.10/bin/../lib/gcc/arm-none-eabi/10.3.1/../../../../arm-none-eabi/lib/thumb/v7e-m+fp/hard/libc_nano.a(lib_a-nano-vfprintf.o)
                0x0000000008002f7e                __sfputs_r
 *fill*         0x0000000008002fa2        0x2 
 .text._vfprintf_r
                0x0000000008002fa4      0x260 /usr/share/gcc-arm-none-eabi-10.3-2021.10/bin/../lib/gcc/arm-none-eabi/10.3.1/../../../../arm-none-eabi/lib/thumb/v7e-m+fp/hard/libc_nano.a(lib_a-nano-vfprintf.o)
                0x0000000008002fa4                _vfiprintf_r
                0x0000000008002fa4                _vfprintf_r
 .text.cleanup_glue
                0x0000000008003204       0x1a /usr/share/gcc-arm-none-eabi-10.3-2021.10/bin/../lib/gcc/arm-none-eabi/10.3.1/../../../../arm-none-eabi/lib/thumb/v7e-m+fp/hard/libc_nano.a(lib_a-reent.o)
                0x0000000008003204                cleanup_glue
 *fill*         0x000000000800321e        0x2 
 .text._reclaim_reent
                0x0000000008003220       0xb8 /usr/share/gcc-arm-none-eabi-10.3-2021.10/bin/../lib/gcc/arm-none-eabi/10.3.1/../../../../arm-none-eabi/lib/thumb/v7e-m+fp/hard/libc_nano.a(lib_a-reent.o)
                0x0000000008003220                _reclaim_reent
 .text.__swbuf_r
                0x00000000080032d8       0xa4 /usr/share/gcc-arm-none-eabi-10.3-2021.10/bin/../lib/gcc/arm-none-eabi/10.3.1/../../../../arm-none-eabi/lib/thumb/v7e-m+fp/hard/libc_nano.a(lib_a-wbuf.o)
                0x00000000080032d8                __swbuf_r
 .text.__ascii_wctomb
                0x000000000800337c       0x1a /usr/share/gcc-arm-none-eabi-10.3-2021.10/bin/../lib/gcc/arm-none-eabi/10.3.1/../../../../arm-none-eabi/lib/thumb/v7e-m+fp/hard/libc_nano.a(lib_a-wctomb_r.o)
                0x000000000800337c                __ascii_wctomb
 *fill*         0x0000000008003396        0x2 
 .text.__swsetup_r
                0x0000000008003398       0xdc /usr/share/gcc-arm-none-eabi-10.3-2021.10/bin/../lib/gcc/arm-none-eabi/10.3.1/../../../../arm-none-eabi/lib/thumb/v7e-m+fp/hard/libc_nano.a(lib_a-wsetup.o)
                0x0000000008003398                __swsetup_r
 .text.abort    0x0000000008003474        0xe /usr/share/gcc-arm-none-eabi-10.3-2021.10/bin/../lib/gcc/arm-none-eabi/10.3.1/../../../../arm-none-eabi/lib/thumb/v7e-m+fp/hard/libc_nano.a(lib_a-abort.o)
                0x0000000008003474                abort
 *fill*         0x0000000008003482        0x2 
 .text.__sflush_r
                0x0000000008003484      0x10c /usr/share/gcc-arm-none-eabi-10.3-2021.10/bin/../lib/gcc/arm-none-eabi/10.3.1/../../../../arm-none-eabi/lib/thumb/v7e-m+fp/hard/libc_nano.a(lib_a-fflush.o)
                0x0000000008003484                __sflush_r
 .text._fflush_r
                0x0000000008003590       0x78 /usr/share/gcc-arm-none-eabi-10.3-2021.10/bin/../lib/gcc/arm-none-eabi/10.3.1/../../../../arm-none-eabi/lib/thumb/v7e-m+fp/hard/libc_nano.a(lib_a-fflush.o)
                0x0000000008003590                _fflush_r
 .text.std      0x0000000008003608       0x48 /usr/share/gcc-arm-none-eabi-10.3-2021.10/bin/../lib/gcc/arm-none-eabi/10.3.1/../../../../arm-none-eabi/lib/thumb/v7e-m+fp/hard/libc_nano.a(lib_a-findfp.o)
 .text._cleanup_r
                0x0000000008003650        0xc /usr/share/gcc-arm-none-eabi-10.3-2021.10/bin/../lib/gcc/arm-none-eabi/10.3.1/../../../../arm-none-eabi/lib/thumb/v7e-m+fp/hard/libc_nano.a(lib_a-findfp.o)
                0x0000000008003650                _cleanup_r
 .text.__sfmoreglue
                0x000000000800365c       0x2c /usr/share/gcc-arm-none-eabi-10.3-2021.10/bin/../lib/gcc/arm-none-eabi/10.3.1/../../../../arm-none-eabi/lib/thumb/v7e-m+fp/hard/libc_nano.a(lib_a-findfp.o)
                0x000000000800365c                __sfmoreglue
 .text.__sfp_lock_acquire
                0x0000000008003688        0xc /usr/share/gcc-arm-none-eabi-10.3-2021.10/bin/../lib/gcc/arm-none-eabi/10.3.1/../../../../arm-none-eabi/lib/thumb/v7e-m+fp/hard/libc_nano.a(lib_a-findfp.o)
                0x0000000008003688                __sfp_lock_acquire
 .text.__sfp_lock_release
                0x0000000008003694        0xc /usr/share/gcc-arm-none-eabi-10.3-2021.10/bin/../lib/gcc/arm-none-eabi/10.3.1/../../../../arm-none-eabi/lib/thumb/v7e-m+fp/hard/libc_nano.a(lib_a-findfp.o)
                0x0000000008003694                __sfp_lock_release
 .text.__sinit_lock_acquire
                0x00000000080036a0        0xc /usr/share/gcc-arm-none-eabi-10.3-2021.10/bin/../lib/gcc/arm-none-eabi/10.3.1/../../../../arm-none-eabi/lib/thumb/v7e-m+fp/hard/libc_nano.a(lib_a-findfp.o)
                0x00000000080036a0                __sinit_lock_acquire
 .text.__sinit_lock_release
                0x00000000080036ac        0xc /usr/share/gcc-arm-none-eabi-10.3-2021.10/bin/../lib/gcc/arm-none-eabi/10.3.1/../../../../arm-none-eabi/lib/thumb/v7e-m+fp/hard/libc_nano.a(lib_a-findfp.o)
                0x00000000080036ac                __sinit_lock_release
 .text.__sinit  0x00000000080036b8       0x70 /usr/share/gcc-arm-none-eabi-10.3-2021.10/bin/../lib/gcc/arm-none-eabi/10.3.1/../../../../arm-none-eabi/lib/thumb/v7e-m+fp/hard/libc_nano.a(lib_a-findfp.o)
                0x00000000080036b8                __sinit
 .text.__sfp    0x0000000008003728       0x8c /usr/share/gcc-arm-none-eabi-10.3-2021.10/bin/../lib/gcc/arm-none-eabi/10.3.1/../../../../arm-none-eabi/lib/thumb/v7e-m+fp/hard/libc_nano.a(lib_a-findfp.o)
                0x0000000008003728                __sfp
 .text._fwalk_reent
                0x00000000080037b4       0x3e /usr/share/gcc-arm-none-eabi-10.3-2021.10/bin/../lib/gcc/arm-none-eabi/10.3.1/../../../../arm-none-eabi/lib/thumb/v7e-m+fp/hard/libc_nano.a(lib_a-fwalk.o)
                0x00000000080037b4                _fwalk_reent
 .text.__retarget_lock_init_recursive
                0x00000000080037f2        0x2 /usr/share/gcc-arm-none-eabi-10.3-2021.10/bin/../lib/gcc/arm-none-eabi/10.3.1/../../../../arm-none-eabi/lib/thumb/v7e-m+fp/hard/libc_nano.a(lib_a-lock.o)
                0x00000000080037f2                __retarget_lock_init_recursive
 .text.__retarget_lock_acquire_recursive
                0x00000000080037f4        0x2 /usr/share/gcc-arm-none-eabi-10.3-2021.10/bin/../lib/gcc/arm-none-eabi/10.3.1/../../../../arm-none-eabi/lib/thumb/v7e-m+fp/hard/libc_nano.a(lib_a-lock.o)
                0x00000000080037f4                __retarget_lock_acquire_recursive
 .text.__retarget_lock_release_recursive
                0x00000000080037f6        0x2 /usr/share/gcc-arm-none-eabi-10.3-2021.10/bin/../lib/gcc/arm-none-eabi/10.3.1/../../../../arm-none-eabi/lib/thumb/v7e-m+fp/hard/libc_nano.a(lib_a-lock.o)
                0x00000000080037f6                __retarget_lock_release_recursive
 .text.__swhatbuf_r
                0x00000000080037f8       0x4a /usr/share/gcc-arm-none-eabi-10.3-2021.10/bin/../lib/gcc/arm-none-eabi/10.3.1/../../../../arm-none-eabi/lib/thumb/v7e-m+fp/hard/libc_nano.a(lib_a-makebuf.o)
                0x00000000080037f8                __swhatbuf_r
 *fill*         0x0000000008003842        0x2 
 .text.__smakebuf_r
                0x0000000008003844       0x80 /usr/share/gcc-arm-none-eabi-10.3-2021.10/bin/../lib/gcc/arm-none-eabi/10.3.1/../../../../arm-none-eabi/lib/thumb/v7e-m+fp/hard/libc_nano.a(lib_a-makebuf.o)
                0x0000000008003844                __smakebuf_r
 .text._raise_r
                0x00000000080038c4       0x50 /usr/share/gcc-arm-none-eabi-10.3-2021.10/bin/../lib/gcc/arm-none-eabi/10.3.1/../../../../arm-none-eabi/lib/thumb/v7e-m+fp/hard/libc_nano.a(lib_a-signal.o)
                0x00000000080038c4                _raise_r
 .text.raise    0x0000000008003914       0x10 /usr/share/gcc-arm-none-eabi-10.3-2021.10/bin/../lib/gcc/arm-none-eabi/10.3.1/../../../../arm-none-eabi/lib/thumb/v7e-m+fp/hard/libc_nano.a(lib_a-signal.o)
                0x0000000008003914                raise
 .text._kill_r  0x0000000008003924       0x24 /usr/share/gcc-arm-none-eabi-10.3-2021.10/bin/../lib/gcc/arm-none-eabi/10.3.1/../../../../arm-none-eabi/lib/thumb/v7e-m+fp/hard/libc_nano.a(lib_a-signalr.o)
                0x0000000008003924                _kill_r
 .text._getpid_r
                0x0000000008003948        0x4 /usr/share/gcc-arm-none-eabi-10.3-2021.10/bin/../lib/gcc/arm-none-eabi/10.3.1/../../../../arm-none-eabi/lib/thumb/v7e-m+fp/hard/libc_nano.a(lib_a-signalr.o)
                0x0000000008003948                _getpid_r
 .text.__sread  0x000000000800394c       0x22 /usr/share/gcc-arm-none-eabi-10.3-2021.10/bin/../lib/gcc/arm-none-eabi/10.3.1/../../../../arm-none-eabi/lib/thumb/v7e-m+fp/hard/libc_nano.a(lib_a-stdio.o)
                0x000000000800394c                __sread
 .text.__swrite
                0x000000000800396e       0x38 /usr/share/gcc-arm-none-eabi-10.3-2021.10/bin/../lib/gcc/arm-none-eabi/10.3.1/../../../../arm-none-eabi/lib/thumb/v7e-m+fp/hard/libc_nano.a(lib_a-stdio.o)
                0x000000000800396e                __swrite
 .text.__sseek  0x00000000080039a6       0x24 /usr/share/gcc-arm-none-eabi-10.3-2021.10/bin/../lib/gcc/arm-none-eabi/10.3.1/../../../../arm-none-eabi/lib/thumb/v7e-m+fp/hard/libc_nano.a(lib_a-stdio.o)
                0x00000000080039a6                __sseek
 .text.__sclose
                0x00000000080039ca        0x8 /usr/share/gcc-arm-none-eabi-10.3-2021.10/bin/../lib/gcc/arm-none-eabi/10.3.1/../../../../arm-none-eabi/lib/thumb/v7e-m+fp/hard/libc_nano.a(lib_a-stdio.o)
                0x00000000080039ca                __sclose
 *fill*         0x00000000080039d2        0x2 
 .text._write_r
                0x00000000080039d4       0x24 /usr/share/gcc-arm-none-eabi-10.3-2021.10/bin/../lib/gcc/arm-none-eabi/10.3.1/../../../../arm-none-eabi/lib/thumb/v7e-m+fp/hard/libc_nano.a(lib_a-writer.o)
                0x00000000080039d4                _write_r
 .text._close_r
                0x00000000080039f8       0x20 /usr/share/gcc-arm-none-eabi-10.3-2021.10/bin/../lib/gcc/arm-none-eabi/10.3.1/../../../../arm-none-eabi/lib/thumb/v7e-m+fp/hard/libc_nano.a(lib_a-closer.o)
                0x00000000080039f8                _close_r
 .text._fstat_r
                0x0000000008003a18       0x24 /usr/share/gcc-arm-none-eabi-10.3-2021.10/bin/../lib/gcc/arm-none-eabi/10.3.1/../../../../arm-none-eabi/lib/thumb/v7e-m+fp/hard/libc_nano.a(lib_a-fstatr.o)
                0x0000000008003a18                _fstat_r
 .text._isatty_r
                0x0000000008003a3c       0x20 /usr/share/gcc-arm-none-eabi-10.3-2021.10/bin/../lib/gcc/arm-none-eabi/10.3.1/../../../../arm-none-eabi/lib/thumb/v7e-m+fp/hard/libc_nano.a(lib_a-isattyr.o)
                0x0000000008003a3c                _isatty_r
 .text._lseek_r
                0x0000000008003a5c       0x24 /usr/share/gcc-arm-none-eabi-10.3-2021.10/bin/../lib/gcc/arm-none-eabi/10.3.1/../../../../arm-none-eabi/lib/thumb/v7e-m+fp/hard/libc_nano.a(lib_a-lseekr.o)
                0x0000000008003a5c                _lseek_r
 .text._read_r  0x0000000008003a80       0x24 /usr/share/gcc-arm-none-eabi-10.3-2021.10/bin/../lib/gcc/arm-none-eabi/10.3.1/../../../../arm-none-eabi/lib/thumb/v7e-m+fp/hard/libc_nano.a(lib_a-readr.o)
                0x0000000008003a80                _read_r
 .text.ADS1115_init
                0x0000000008003aa4       0x40 CMakeFiles/FCC_CMAKE_TEST.dir/Core/Src/ADS1115.c.obj
                0x0000000008003aa4                ADS1115_init
 .text.ADS1115_updateConfig
                0x0000000008003ae4       0x64 CMakeFiles/FCC_CMAKE_TEST.dir/Core/Src/ADS1115.c.obj
                0x0000000008003ae4                ADS1115_updateConfig
 .text.ADS1115_getData
                0x0000000008003b48       0x74 CMakeFiles/FCC_CMAKE_TEST.dir/Core/Src/ADS1115.c.obj
                0x0000000008003b48                ADS1115_getData
 .text.ADS1115_setThresholds
                0x0000000008003bbc       0x84 CMakeFiles/FCC_CMAKE_TEST.dir/Core/Src/ADS1115.c.obj
                0x0000000008003bbc                ADS1115_setThresholds
 .text.ADS1115_setConversionReadyPin
                0x0000000008003c40       0x1c CMakeFiles/FCC_CMAKE_TEST.dir/Core/Src/ADS1115.c.obj
                0x0000000008003c40                ADS1115_setConversionReadyPin
 .text.prepareConfigFrame
                0x0000000008003c5c       0x8c CMakeFiles/FCC_CMAKE_TEST.dir/Core/Src/ADS1115.c.obj
 .text.LIS3DH_ReadReg
                0x0000000008003ce8       0x34 CMakeFiles/FCC_CMAKE_TEST.dir/Core/Src/lis3dh_driver.c.obj
                0x0000000008003ce8                LIS3DH_ReadReg
 .text.LIS3DH_WriteReg
                0x0000000008003d1c       0x38 CMakeFiles/FCC_CMAKE_TEST.dir/Core/Src/lis3dh_driver.c.obj
                0x0000000008003d1c                LIS3DH_WriteReg
 .text.LIS3DH_SetODR
                0x0000000008003d54       0x5a CMakeFiles/FCC_CMAKE_TEST.dir/Core/Src/lis3dh_driver.c.obj
                0x0000000008003d54                LIS3DH_SetODR
 *fill*         0x0000000008003dae        0x2 
 .text.LIS3DH_SetMode
                0x0000000008003db0      0x100 CMakeFiles/FCC_CMAKE_TEST.dir/Core/Src/lis3dh_driver.c.obj
                0x0000000008003db0                LIS3DH_SetMode
 .text.LIS3DH_SetAxis
                0x0000000008003eb0       0x58 CMakeFiles/FCC_CMAKE_TEST.dir/Core/Src/lis3dh_driver.c.obj
                0x0000000008003eb0                LIS3DH_SetAxis
 .text.LIS3DH_SetFullScale
                0x0000000008003f08       0x5a CMakeFiles/FCC_CMAKE_TEST.dir/Core/Src/lis3dh_driver.c.obj
                0x0000000008003f08                LIS3DH_SetFullScale
 .text.LIS3DH_GetAccAxesRaw
                0x0000000008003f62       0xa4 CMakeFiles/FCC_CMAKE_TEST.dir/Core/Src/lis3dh_driver.c.obj
                0x0000000008003f62                LIS3DH_GetAccAxesRaw
 *fill*         0x0000000008004006        0x2 
 .text._write   0x0000000008004008       0x2c CMakeFiles/FCC_CMAKE_TEST.dir/Core/Src/main.c.obj
                0x0000000008004008                _write
 .text.HAL_CAN_RxFifo0MsgPendingCallback
                0x0000000008004034       0x8c CMakeFiles/FCC_CMAKE_TEST.dir/Core/Src/main.c.obj
                0x0000000008004034                HAL_CAN_RxFifo0MsgPendingCallback
 .text.HAL_CAN_TxMailbox0CompleteCallback
                0x00000000080040c0       0x30 CMakeFiles/FCC_CMAKE_TEST.dir/Core/Src/main.c.obj
                0x00000000080040c0                HAL_CAN_TxMailbox0CompleteCallback
 .text.HAL_CAN_TxMailbox1CompleteCallback
                0x00000000080040f0       0x30 CMakeFiles/FCC_CMAKE_TEST.dir/Core/Src/main.c.obj
                0x00000000080040f0                HAL_CAN_TxMailbox1CompleteCallback
 .text.HAL_CAN_TxMailbox2CompleteCallback
                0x0000000008004120       0x30 CMakeFiles/FCC_CMAKE_TEST.dir/Core/Src/main.c.obj
                0x0000000008004120                HAL_CAN_TxMailbox2CompleteCallback
 .text.HAL_UART_RxCpltCallback
                0x0000000008004150       0x70 CMakeFiles/FCC_CMAKE_TEST.dir/Core/Src/main.c.obj
                0x0000000008004150                HAL_UART_RxCpltCallback
 .text.HAL_GPIO_EXTI_Callback
                0x00000000080041c0      0x158 CMakeFiles/FCC_CMAKE_TEST.dir/Core/Src/main.c.obj
                0x00000000080041c0                HAL_GPIO_EXTI_Callback
 .text.HAL_CAN_SafeAddTxMessage
                0x0000000008004318       0x6c CMakeFiles/FCC_CMAKE_TEST.dir/Core/Src/main.c.obj
                0x0000000008004318                HAL_CAN_SafeAddTxMessage
 .text.main     0x0000000008004384      0x1e4 CMakeFiles/FCC_CMAKE_TEST.dir/Core/Src/main.c.obj
                0x0000000008004384                main
 .text.SystemClock_Config
                0x0000000008004568       0xac CMakeFiles/FCC_CMAKE_TEST.dir/Core/Src/main.c.obj
                0x0000000008004568                SystemClock_Config
 .text.MX_CAN1_Init
                0x0000000008004614      0x160 CMakeFiles/FCC_CMAKE_TEST.dir/Core/Src/main.c.obj
 .text.MX_I2C1_Init
                0x0000000008004774       0x80 CMakeFiles/FCC_CMAKE_TEST.dir/Core/Src/main.c.obj
 .text.MX_USART1_UART_Init
                0x00000000080047f4       0x60 CMakeFiles/FCC_CMAKE_TEST.dir/Core/Src/main.c.obj
 .text.MX_DMA_Init
                0x0000000008004854       0x4c CMakeFiles/FCC_CMAKE_TEST.dir/Core/Src/main.c.obj
 .text.MX_GPIO_Init
                0x00000000080048a0      0x1e4 CMakeFiles/FCC_CMAKE_TEST.dir/Core/Src/main.c.obj
 .text.StartCanRxTask
                0x0000000008004a84      0x148 CMakeFiles/FCC_CMAKE_TEST.dir/Core/Src/main.c.obj
                0x0000000008004a84                StartCanRxTask
 .text.StartI2cTask
                0x0000000008004bcc      0x47c CMakeFiles/FCC_CMAKE_TEST.dir/Core/Src/main.c.obj
                0x0000000008004bcc                StartI2cTask
 .text.StartFuelCellTask
                0x0000000008005048      0x2b4 CMakeFiles/FCC_CMAKE_TEST.dir/Core/Src/main.c.obj
                0x0000000008005048                StartFuelCellTask
 .text.StartCanRtrTask
                0x00000000080052fc       0xbc CMakeFiles/FCC_CMAKE_TEST.dir/Core/Src/main.c.obj
                0x00000000080052fc                StartCanRtrTask
 .text.StartPurgeTask
                0x00000000080053b8       0x48 CMakeFiles/FCC_CMAKE_TEST.dir/Core/Src/main.c.obj
                0x00000000080053b8                StartPurgeTask
 .text.HAL_TIM_PeriodElapsedCallback
                0x0000000008005400       0x24 CMakeFiles/FCC_CMAKE_TEST.dir/Core/Src/main.c.obj
                0x0000000008005400                HAL_TIM_PeriodElapsedCallback
 .text.Error_Handler
                0x0000000008005424       0x14 CMakeFiles/FCC_CMAKE_TEST.dir/Core/Src/main.c.obj
                0x0000000008005424                Error_Handler
 .text.NMI_Handler
                0x0000000008005438        0x6 CMakeFiles/FCC_CMAKE_TEST.dir/Core/Src/stm32l4xx_it.c.obj
                0x0000000008005438                NMI_Handler
 .text.HardFault_Handler
                0x000000000800543e        0x6 CMakeFiles/FCC_CMAKE_TEST.dir/Core/Src/stm32l4xx_it.c.obj
                0x000000000800543e                HardFault_Handler
 .text.MemManage_Handler
                0x0000000008005444        0x6 CMakeFiles/FCC_CMAKE_TEST.dir/Core/Src/stm32l4xx_it.c.obj
                0x0000000008005444                MemManage_Handler
 .text.BusFault_Handler
                0x000000000800544a        0x6 CMakeFiles/FCC_CMAKE_TEST.dir/Core/Src/stm32l4xx_it.c.obj
                0x000000000800544a                BusFault_Handler
 .text.UsageFault_Handler
                0x0000000008005450        0x6 CMakeFiles/FCC_CMAKE_TEST.dir/Core/Src/stm32l4xx_it.c.obj
                0x0000000008005450                UsageFault_Handler
 .text.DebugMon_Handler
                0x0000000008005456        0xe CMakeFiles/FCC_CMAKE_TEST.dir/Core/Src/stm32l4xx_it.c.obj
                0x0000000008005456                DebugMon_Handler
 .text.EXTI3_IRQHandler
                0x0000000008005464        0xe CMakeFiles/FCC_CMAKE_TEST.dir/Core/Src/stm32l4xx_it.c.obj
                0x0000000008005464                EXTI3_IRQHandler
 .text.EXTI4_IRQHandler
                0x0000000008005472        0xe CMakeFiles/FCC_CMAKE_TEST.dir/Core/Src/stm32l4xx_it.c.obj
                0x0000000008005472                EXTI4_IRQHandler
 .text.DMA1_Channel4_IRQHandler
                0x0000000008005480       0x14 CMakeFiles/FCC_CMAKE_TEST.dir/Core/Src/stm32l4xx_it.c.obj
                0x0000000008005480                DMA1_Channel4_IRQHandler
 .text.DMA1_Channel5_IRQHandler
                0x0000000008005494       0x14 CMakeFiles/FCC_CMAKE_TEST.dir/Core/Src/stm32l4xx_it.c.obj
                0x0000000008005494                DMA1_Channel5_IRQHandler
 .text.CAN1_TX_IRQHandler
                0x00000000080054a8       0x14 CMakeFiles/FCC_CMAKE_TEST.dir/Core/Src/stm32l4xx_it.c.obj
                0x00000000080054a8                CAN1_TX_IRQHandler
 .text.CAN1_RX0_IRQHandler
                0x00000000080054bc       0x14 CMakeFiles/FCC_CMAKE_TEST.dir/Core/Src/stm32l4xx_it.c.obj
                0x00000000080054bc                CAN1_RX0_IRQHandler
 .text.CAN1_RX1_IRQHandler
                0x00000000080054d0       0x14 CMakeFiles/FCC_CMAKE_TEST.dir/Core/Src/stm32l4xx_it.c.obj
                0x00000000080054d0                CAN1_RX1_IRQHandler
 .text.EXTI9_5_IRQHandler
                0x00000000080054e4       0x14 CMakeFiles/FCC_CMAKE_TEST.dir/Core/Src/stm32l4xx_it.c.obj
                0x00000000080054e4                EXTI9_5_IRQHandler
 .text.TIM1_UP_TIM16_IRQHandler
                0x00000000080054f8       0x14 CMakeFiles/FCC_CMAKE_TEST.dir/Core/Src/stm32l4xx_it.c.obj
                0x00000000080054f8                TIM1_UP_TIM16_IRQHandler
 .text.USART1_IRQHandler
                0x000000000800550c       0x14 CMakeFiles/FCC_CMAKE_TEST.dir/Core/Src/stm32l4xx_it.c.obj
                0x000000000800550c                USART1_IRQHandler
 .text.EXTI15_10_IRQHandler
                0x0000000008005520       0x18 CMakeFiles/FCC_CMAKE_TEST.dir/Core/Src/stm32l4xx_it.c.obj
                0x0000000008005520                EXTI15_10_IRQHandler
 .text.HAL_MspInit
                0x0000000008005538       0x50 CMakeFiles/FCC_CMAKE_TEST.dir/Core/Src/stm32l4xx_hal_msp.c.obj
                0x0000000008005538                HAL_MspInit
 .text.HAL_CAN_MspInit
                0x0000000008005588       0xdc CMakeFiles/FCC_CMAKE_TEST.dir/Core/Src/stm32l4xx_hal_msp.c.obj
                0x0000000008005588                HAL_CAN_MspInit
 .text.HAL_I2C_MspInit
                0x0000000008005664       0xb0 CMakeFiles/FCC_CMAKE_TEST.dir/Core/Src/stm32l4xx_hal_msp.c.obj
                0x0000000008005664                HAL_I2C_MspInit
 .text.HAL_UART_MspInit
                0x0000000008005714      0x1b4 CMakeFiles/FCC_CMAKE_TEST.dir/Core/Src/stm32l4xx_hal_msp.c.obj
                0x0000000008005714                HAL_UART_MspInit
 .text.HAL_InitTick
                0x00000000080058c8       0xdc CMakeFiles/FCC_CMAKE_TEST.dir/Core/Src/stm32l4xx_hal_timebase_tim.c.obj
                0x00000000080058c8                HAL_InitTick
 .text.HAL_CAN_Init
                0x00000000080059a4      0x1f6 CMakeFiles/FCC_CMAKE_TEST.dir/Drivers/STM32L4xx_HAL_Driver/Src/stm32l4xx_hal_can.c.obj
                0x00000000080059a4                HAL_CAN_Init
 .text.HAL_CAN_ConfigFilter
                0x0000000008005b9a      0x194 CMakeFiles/FCC_CMAKE_TEST.dir/Drivers/STM32L4xx_HAL_Driver/Src/stm32l4xx_hal_can.c.obj
                0x0000000008005b9a                HAL_CAN_ConfigFilter
 .text.HAL_CAN_Start
                0x0000000008005d2e       0x88 CMakeFiles/FCC_CMAKE_TEST.dir/Drivers/STM32L4xx_HAL_Driver/Src/stm32l4xx_hal_can.c.obj
                0x0000000008005d2e                HAL_CAN_Start
 .text.HAL_CAN_AddTxMessage
                0x0000000008005db6      0x1a0 CMakeFiles/FCC_CMAKE_TEST.dir/Drivers/STM32L4xx_HAL_Driver/Src/stm32l4xx_hal_can.c.obj
                0x0000000008005db6                HAL_CAN_AddTxMessage
 .text.HAL_CAN_GetRxMessage
                0x0000000008005f56      0x244 CMakeFiles/FCC_CMAKE_TEST.dir/Drivers/STM32L4xx_HAL_Driver/Src/stm32l4xx_hal_can.c.obj
                0x0000000008005f56                HAL_CAN_GetRxMessage
 .text.HAL_CAN_ActivateNotification
                0x000000000800619a       0x4c CMakeFiles/FCC_CMAKE_TEST.dir/Drivers/STM32L4xx_HAL_Driver/Src/stm32l4xx_hal_can.c.obj
                0x000000000800619a                HAL_CAN_ActivateNotification
 .text.HAL_CAN_IRQHandler
                0x00000000080061e6      0x36e CMakeFiles/FCC_CMAKE_TEST.dir/Drivers/STM32L4xx_HAL_Driver/Src/stm32l4xx_hal_can.c.obj
                0x00000000080061e6                HAL_CAN_IRQHandler
 .text.HAL_CAN_TxMailbox0AbortCallback
                0x0000000008006554       0x14 CMakeFiles/FCC_CMAKE_TEST.dir/Drivers/STM32L4xx_HAL_Driver/Src/stm32l4xx_hal_can.c.obj
                0x0000000008006554                HAL_CAN_TxMailbox0AbortCallback
 .text.HAL_CAN_TxMailbox1AbortCallback
                0x0000000008006568       0x14 CMakeFiles/FCC_CMAKE_TEST.dir/Drivers/STM32L4xx_HAL_Driver/Src/stm32l4xx_hal_can.c.obj
                0x0000000008006568                HAL_CAN_TxMailbox1AbortCallback
 .text.HAL_CAN_TxMailbox2AbortCallback
                0x000000000800657c       0x14 CMakeFiles/FCC_CMAKE_TEST.dir/Drivers/STM32L4xx_HAL_Driver/Src/stm32l4xx_hal_can.c.obj
                0x000000000800657c                HAL_CAN_TxMailbox2AbortCallback
 .text.HAL_CAN_RxFifo0FullCallback
                0x0000000008006590       0x14 CMakeFiles/FCC_CMAKE_TEST.dir/Drivers/STM32L4xx_HAL_Driver/Src/stm32l4xx_hal_can.c.obj
                0x0000000008006590                HAL_CAN_RxFifo0FullCallback
 .text.HAL_CAN_RxFifo1MsgPendingCallback
                0x00000000080065a4       0x14 CMakeFiles/FCC_CMAKE_TEST.dir/Drivers/STM32L4xx_HAL_Driver/Src/stm32l4xx_hal_can.c.obj
                0x00000000080065a4                HAL_CAN_RxFifo1MsgPendingCallback
 .text.HAL_CAN_RxFifo1FullCallback
                0x00000000080065b8       0x14 CMakeFiles/FCC_CMAKE_TEST.dir/Drivers/STM32L4xx_HAL_Driver/Src/stm32l4xx_hal_can.c.obj
                0x00000000080065b8                HAL_CAN_RxFifo1FullCallback
 .text.HAL_CAN_SleepCallback
                0x00000000080065cc       0x14 CMakeFiles/FCC_CMAKE_TEST.dir/Drivers/STM32L4xx_HAL_Driver/Src/stm32l4xx_hal_can.c.obj
                0x00000000080065cc                HAL_CAN_SleepCallback
 .text.HAL_CAN_WakeUpFromRxMsgCallback
                0x00000000080065e0       0x14 CMakeFiles/FCC_CMAKE_TEST.dir/Drivers/STM32L4xx_HAL_Driver/Src/stm32l4xx_hal_can.c.obj
                0x00000000080065e0                HAL_CAN_WakeUpFromRxMsgCallback
 .text.HAL_CAN_ErrorCallback
                0x00000000080065f4       0x14 CMakeFiles/FCC_CMAKE_TEST.dir/Drivers/STM32L4xx_HAL_Driver/Src/stm32l4xx_hal_can.c.obj
                0x00000000080065f4                HAL_CAN_ErrorCallback
 .text.HAL_Init
                0x0000000008006608       0x30 CMakeFiles/FCC_CMAKE_TEST.dir/Drivers/STM32L4xx_HAL_Driver/Src/stm32l4xx_hal.c.obj
                0x0000000008006608                HAL_Init
 .text.HAL_IncTick
                0x0000000008006638       0x28 CMakeFiles/FCC_CMAKE_TEST.dir/Drivers/STM32L4xx_HAL_Driver/Src/stm32l4xx_hal.c.obj
                0x0000000008006638                HAL_IncTick
 .text.HAL_GetTick
                0x0000000008006660       0x18 CMakeFiles/FCC_CMAKE_TEST.dir/Drivers/STM32L4xx_HAL_Driver/Src/stm32l4xx_hal.c.obj
                0x0000000008006660                HAL_GetTick
 .text.HAL_RCC_OscConfig
                0x0000000008006678      0x828 CMakeFiles/FCC_CMAKE_TEST.dir/Drivers/STM32L4xx_HAL_Driver/Src/stm32l4xx_hal_rcc.c.obj
                0x0000000008006678                HAL_RCC_OscConfig
 .text.HAL_RCC_ClockConfig
                0x0000000008006ea0      0x200 CMakeFiles/FCC_CMAKE_TEST.dir/Drivers/STM32L4xx_HAL_Driver/Src/stm32l4xx_hal_rcc.c.obj
                0x0000000008006ea0                HAL_RCC_ClockConfig
 .text.HAL_RCC_MCOConfig
                0x00000000080070a0       0x68 CMakeFiles/FCC_CMAKE_TEST.dir/Drivers/STM32L4xx_HAL_Driver/Src/stm32l4xx_hal_rcc.c.obj
                0x00000000080070a0                HAL_RCC_MCOConfig
 .text.HAL_RCC_GetSysClockFreq
                0x0000000008007108      0x118 CMakeFiles/FCC_CMAKE_TEST.dir/Drivers/STM32L4xx_HAL_Driver/Src/stm32l4xx_hal_rcc.c.obj
                0x0000000008007108                HAL_RCC_GetSysClockFreq
 .text.HAL_RCC_GetHCLKFreq
                0x0000000008007220       0x18 CMakeFiles/FCC_CMAKE_TEST.dir/Drivers/STM32L4xx_HAL_Driver/Src/stm32l4xx_hal_rcc.c.obj
                0x0000000008007220                HAL_RCC_GetHCLKFreq
 .text.HAL_RCC_GetPCLK1Freq
                0x0000000008007238       0x2c CMakeFiles/FCC_CMAKE_TEST.dir/Drivers/STM32L4xx_HAL_Driver/Src/stm32l4xx_hal_rcc.c.obj
                0x0000000008007238                HAL_RCC_GetPCLK1Freq
 .text.HAL_RCC_GetPCLK2Freq
                0x0000000008007264       0x2c CMakeFiles/FCC_CMAKE_TEST.dir/Drivers/STM32L4xx_HAL_Driver/Src/stm32l4xx_hal_rcc.c.obj
                0x0000000008007264                HAL_RCC_GetPCLK2Freq
 .text.HAL_RCC_GetClockConfig
                0x0000000008007290       0x64 CMakeFiles/FCC_CMAKE_TEST.dir/Drivers/STM32L4xx_HAL_Driver/Src/stm32l4xx_hal_rcc.c.obj
                0x0000000008007290                HAL_RCC_GetClockConfig
 .text.RCC_SetFlashLatencyFromMSIRange
                0x00000000080072f4       0xc0 CMakeFiles/FCC_CMAKE_TEST.dir/Drivers/STM32L4xx_HAL_Driver/Src/stm32l4xx_hal_rcc.c.obj
 .text.HAL_RCCEx_PeriphCLKConfig
                0x00000000080073b4      0x3ec CMakeFiles/FCC_CMAKE_TEST.dir/Drivers/STM32L4xx_HAL_Driver/Src/stm32l4xx_hal_rcc_ex.c.obj
                0x00000000080073b4                HAL_RCCEx_PeriphCLKConfig
 .text.RCCEx_PLLSAI1_Config
                0x00000000080077a0      0x1e4 CMakeFiles/FCC_CMAKE_TEST.dir/Drivers/STM32L4xx_HAL_Driver/Src/stm32l4xx_hal_rcc_ex.c.obj
 .text.HAL_GPIO_Init
                0x0000000008007984      0x2d4 CMakeFiles/FCC_CMAKE_TEST.dir/Drivers/STM32L4xx_HAL_Driver/Src/stm32l4xx_hal_gpio.c.obj
                0x0000000008007984                HAL_GPIO_Init
 .text.HAL_GPIO_WritePin
                0x0000000008007c58       0x30 CMakeFiles/FCC_CMAKE_TEST.dir/Drivers/STM32L4xx_HAL_Driver/Src/stm32l4xx_hal_gpio.c.obj
                0x0000000008007c58                HAL_GPIO_WritePin
 .text.HAL_GPIO_EXTI_IRQHandler
                0x0000000008007c88       0x30 CMakeFiles/FCC_CMAKE_TEST.dir/Drivers/STM32L4xx_HAL_Driver/Src/stm32l4xx_hal_gpio.c.obj
                0x0000000008007c88                HAL_GPIO_EXTI_IRQHandler
 .text.HAL_I2C_Init
                0x0000000008007cb8      0x136 CMakeFiles/FCC_CMAKE_TEST.dir/Drivers/STM32L4xx_HAL_Driver/Src/stm32l4xx_hal_i2c.c.obj
                0x0000000008007cb8                HAL_I2C_Init
 *fill*         0x0000000008007dee        0x2 
 .text.HAL_I2C_Master_Transmit
                0x0000000008007df0      0x230 CMakeFiles/FCC_CMAKE_TEST.dir/Drivers/STM32L4xx_HAL_Driver/Src/stm32l4xx_hal_i2c.c.obj
                0x0000000008007df0                HAL_I2C_Master_Transmit
 .text.HAL_I2C_Master_Receive
                0x0000000008008020      0x1ec CMakeFiles/FCC_CMAKE_TEST.dir/Drivers/STM32L4xx_HAL_Driver/Src/stm32l4xx_hal_i2c.c.obj
                0x0000000008008020                HAL_I2C_Master_Receive
 .text.HAL_I2C_Mem_Write
                0x000000000800820c      0x228 CMakeFiles/FCC_CMAKE_TEST.dir/Drivers/STM32L4xx_HAL_Driver/Src/stm32l4xx_hal_i2c.c.obj
                0x000000000800820c                HAL_I2C_Mem_Write
 .text.HAL_I2C_Mem_Read
                0x0000000008008434      0x234 CMakeFiles/FCC_CMAKE_TEST.dir/Drivers/STM32L4xx_HAL_Driver/Src/stm32l4xx_hal_i2c.c.obj
                0x0000000008008434                HAL_I2C_Mem_Read
 .text.I2C_RequestMemoryWrite
                0x0000000008008668       0xa8 CMakeFiles/FCC_CMAKE_TEST.dir/Drivers/STM32L4xx_HAL_Driver/Src/stm32l4xx_hal_i2c.c.obj
 .text.I2C_RequestMemoryRead
                0x0000000008008710       0xa8 CMakeFiles/FCC_CMAKE_TEST.dir/Drivers/STM32L4xx_HAL_Driver/Src/stm32l4xx_hal_i2c.c.obj
 .text.I2C_Flush_TXDR
                0x00000000080087b8       0x48 CMakeFiles/FCC_CMAKE_TEST.dir/Drivers/STM32L4xx_HAL_Driver/Src/stm32l4xx_hal_i2c.c.obj
 .text.I2C_WaitOnFlagUntilTimeout
                0x0000000008008800       0x9e CMakeFiles/FCC_CMAKE_TEST.dir/Drivers/STM32L4xx_HAL_Driver/Src/stm32l4xx_hal_i2c.c.obj
 .text.I2C_WaitOnTXISFlagUntilTimeout
                0x000000000800889e       0x8e CMakeFiles/FCC_CMAKE_TEST.dir/Drivers/STM32L4xx_HAL_Driver/Src/stm32l4xx_hal_i2c.c.obj
 .text.I2C_WaitOnSTOPFlagUntilTimeout
                0x000000000800892c       0x86 CMakeFiles/FCC_CMAKE_TEST.dir/Drivers/STM32L4xx_HAL_Driver/Src/stm32l4xx_hal_i2c.c.obj
 *fill*         0x00000000080089b2        0x2 
 .text.I2C_WaitOnRXNEFlagUntilTimeout
                0x00000000080089b4      0x104 CMakeFiles/FCC_CMAKE_TEST.dir/Drivers/STM32L4xx_HAL_Driver/Src/stm32l4xx_hal_i2c.c.obj
 .text.I2C_IsErrorOccurred
                0x0000000008008ab8      0x1c0 CMakeFiles/FCC_CMAKE_TEST.dir/Drivers/STM32L4xx_HAL_Driver/Src/stm32l4xx_hal_i2c.c.obj
 .text.I2C_TransferConfig
                0x0000000008008c78       0x64 CMakeFiles/FCC_CMAKE_TEST.dir/Drivers/STM32L4xx_HAL_Driver/Src/stm32l4xx_hal_i2c.c.obj
 .text.HAL_I2CEx_ConfigAnalogFilter
                0x0000000008008cdc       0x96 CMakeFiles/FCC_CMAKE_TEST.dir/Drivers/STM32L4xx_HAL_Driver/Src/stm32l4xx_hal_i2c_ex.c.obj
                0x0000000008008cdc                HAL_I2CEx_ConfigAnalogFilter
 .text.HAL_I2CEx_ConfigDigitalFilter
                0x0000000008008d72       0x98 CMakeFiles/FCC_CMAKE_TEST.dir/Drivers/STM32L4xx_HAL_Driver/Src/stm32l4xx_hal_i2c_ex.c.obj
                0x0000000008008d72                HAL_I2CEx_ConfigDigitalFilter
 *fill*         0x0000000008008e0a        0x2 
 .text.HAL_DMA_Init
                0x0000000008008e0c      0x170 CMakeFiles/FCC_CMAKE_TEST.dir/Drivers/STM32L4xx_HAL_Driver/Src/stm32l4xx_hal_dma.c.obj
                0x0000000008008e0c                HAL_DMA_Init
 .text.HAL_DMA_Start_IT
                0x0000000008008f7c       0xc0 CMakeFiles/FCC_CMAKE_TEST.dir/Drivers/STM32L4xx_HAL_Driver/Src/stm32l4xx_hal_dma.c.obj
                0x0000000008008f7c                HAL_DMA_Start_IT
 .text.HAL_DMA_Abort
                0x000000000800903c       0x7c CMakeFiles/FCC_CMAKE_TEST.dir/Drivers/STM32L4xx_HAL_Driver/Src/stm32l4xx_hal_dma.c.obj
                0x000000000800903c                HAL_DMA_Abort
 .text.HAL_DMA_Abort_IT
                0x00000000080090b8       0x82 CMakeFiles/FCC_CMAKE_TEST.dir/Drivers/STM32L4xx_HAL_Driver/Src/stm32l4xx_hal_dma.c.obj
                0x00000000080090b8                HAL_DMA_Abort_IT
 .text.HAL_DMA_IRQHandler
                0x000000000800913a      0x15e CMakeFiles/FCC_CMAKE_TEST.dir/Drivers/STM32L4xx_HAL_Driver/Src/stm32l4xx_hal_dma.c.obj
                0x000000000800913a                HAL_DMA_IRQHandler
 .text.DMA_SetConfig
                0x0000000008009298       0x60 CMakeFiles/FCC_CMAKE_TEST.dir/Drivers/STM32L4xx_HAL_Driver/Src/stm32l4xx_hal_dma.c.obj
 .text.HAL_PWREx_GetVoltageRange
                0x00000000080092f8       0x1c CMakeFiles/FCC_CMAKE_TEST.dir/Drivers/STM32L4xx_HAL_Driver/Src/stm32l4xx_hal_pwr_ex.c.obj
                0x00000000080092f8                HAL_PWREx_GetVoltageRange
 .text.HAL_PWREx_ControlVoltageScaling
                0x0000000008009314       0xac CMakeFiles/FCC_CMAKE_TEST.dir/Drivers/STM32L4xx_HAL_Driver/Src/stm32l4xx_hal_pwr_ex.c.obj
                0x0000000008009314                HAL_PWREx_ControlVoltageScaling
 .text.__NVIC_SetPriorityGrouping
                0x00000000080093c0       0x48 CMakeFiles/FCC_CMAKE_TEST.dir/Drivers/STM32L4xx_HAL_Driver/Src/stm32l4xx_hal_cortex.c.obj
 .text.__NVIC_GetPriorityGrouping
                0x0000000008009408       0x1c CMakeFiles/FCC_CMAKE_TEST.dir/Drivers/STM32L4xx_HAL_Driver/Src/stm32l4xx_hal_cortex.c.obj
 .text.__NVIC_EnableIRQ
                0x0000000008009424       0x3c CMakeFiles/FCC_CMAKE_TEST.dir/Drivers/STM32L4xx_HAL_Driver/Src/stm32l4xx_hal_cortex.c.obj
 .text.__NVIC_SetPriority
                0x0000000008009460       0x54 CMakeFiles/FCC_CMAKE_TEST.dir/Drivers/STM32L4xx_HAL_Driver/Src/stm32l4xx_hal_cortex.c.obj
 .text.NVIC_EncodePriority
                0x00000000080094b4       0x66 CMakeFiles/FCC_CMAKE_TEST.dir/Drivers/STM32L4xx_HAL_Driver/Src/stm32l4xx_hal_cortex.c.obj
 .text.HAL_NVIC_SetPriorityGrouping
                0x000000000800951a       0x16 CMakeFiles/FCC_CMAKE_TEST.dir/Drivers/STM32L4xx_HAL_Driver/Src/stm32l4xx_hal_cortex.c.obj
                0x000000000800951a                HAL_NVIC_SetPriorityGrouping
 .text.HAL_NVIC_SetPriority
                0x0000000008009530       0x38 CMakeFiles/FCC_CMAKE_TEST.dir/Drivers/STM32L4xx_HAL_Driver/Src/stm32l4xx_hal_cortex.c.obj
                0x0000000008009530                HAL_NVIC_SetPriority
 .text.HAL_NVIC_EnableIRQ
                0x0000000008009568       0x1c CMakeFiles/FCC_CMAKE_TEST.dir/Drivers/STM32L4xx_HAL_Driver/Src/stm32l4xx_hal_cortex.c.obj
                0x0000000008009568                HAL_NVIC_EnableIRQ
 .text.HAL_TIM_Base_Init
                0x0000000008009584       0xae CMakeFiles/FCC_CMAKE_TEST.dir/Drivers/STM32L4xx_HAL_Driver/Src/stm32l4xx_hal_tim.c.obj
                0x0000000008009584                HAL_TIM_Base_Init
 .text.HAL_TIM_Base_MspInit
                0x0000000008009632       0x14 CMakeFiles/FCC_CMAKE_TEST.dir/Drivers/STM32L4xx_HAL_Driver/Src/stm32l4xx_hal_tim.c.obj
                0x0000000008009632                HAL_TIM_Base_MspInit
 *fill*         0x0000000008009646        0x2 
 .text.HAL_TIM_Base_Start_IT
                0x0000000008009648       0xa8 CMakeFiles/FCC_CMAKE_TEST.dir/Drivers/STM32L4xx_HAL_Driver/Src/stm32l4xx_hal_tim.c.obj
                0x0000000008009648                HAL_TIM_Base_Start_IT
 .text.HAL_TIM_IRQHandler
                0x00000000080096f0      0x204 CMakeFiles/FCC_CMAKE_TEST.dir/Drivers/STM32L4xx_HAL_Driver/Src/stm32l4xx_hal_tim.c.obj
                0x00000000080096f0                HAL_TIM_IRQHandler
 .text.HAL_TIM_OC_DelayElapsedCallback
                0x00000000080098f4       0x14 CMakeFiles/FCC_CMAKE_TEST.dir/Drivers/STM32L4xx_HAL_Driver/Src/stm32l4xx_hal_tim.c.obj
                0x00000000080098f4                HAL_TIM_OC_DelayElapsedCallback
 .text.HAL_TIM_IC_CaptureCallback
                0x0000000008009908       0x14 CMakeFiles/FCC_CMAKE_TEST.dir/Drivers/STM32L4xx_HAL_Driver/Src/stm32l4xx_hal_tim.c.obj
                0x0000000008009908                HAL_TIM_IC_CaptureCallback
 .text.HAL_TIM_PWM_PulseFinishedCallback
                0x000000000800991c       0x14 CMakeFiles/FCC_CMAKE_TEST.dir/Drivers/STM32L4xx_HAL_Driver/Src/stm32l4xx_hal_tim.c.obj
                0x000000000800991c                HAL_TIM_PWM_PulseFinishedCallback
 .text.HAL_TIM_TriggerCallback
                0x0000000008009930       0x14 CMakeFiles/FCC_CMAKE_TEST.dir/Drivers/STM32L4xx_HAL_Driver/Src/stm32l4xx_hal_tim.c.obj
                0x0000000008009930                HAL_TIM_TriggerCallback
 .text.TIM_Base_SetConfig
                0x0000000008009944       0xc8 CMakeFiles/FCC_CMAKE_TEST.dir/Drivers/STM32L4xx_HAL_Driver/Src/stm32l4xx_hal_tim.c.obj
                0x0000000008009944                TIM_Base_SetConfig
 .text.HAL_TIMEx_CommutCallback
                0x0000000008009a0c       0x14 CMakeFiles/FCC_CMAKE_TEST.dir/Drivers/STM32L4xx_HAL_Driver/Src/stm32l4xx_hal_tim_ex.c.obj
                0x0000000008009a0c                HAL_TIMEx_CommutCallback
 .text.HAL_TIMEx_BreakCallback
                0x0000000008009a20       0x14 CMakeFiles/FCC_CMAKE_TEST.dir/Drivers/STM32L4xx_HAL_Driver/Src/stm32l4xx_hal_tim_ex.c.obj
                0x0000000008009a20                HAL_TIMEx_BreakCallback
 .text.HAL_TIMEx_Break2Callback
                0x0000000008009a34       0x14 CMakeFiles/FCC_CMAKE_TEST.dir/Drivers/STM32L4xx_HAL_Driver/Src/stm32l4xx_hal_tim_ex.c.obj
                0x0000000008009a34                HAL_TIMEx_Break2Callback
 .text.HAL_UART_Init
                0x0000000008009a48       0x9c CMakeFiles/FCC_CMAKE_TEST.dir/Drivers/STM32L4xx_HAL_Driver/Src/stm32l4xx_hal_uart.c.obj
                0x0000000008009a48                HAL_UART_Init
 .text.HAL_UART_Transmit
                0x0000000008009ae4      0x114 CMakeFiles/FCC_CMAKE_TEST.dir/Drivers/STM32L4xx_HAL_Driver/Src/stm32l4xx_hal_uart.c.obj
                0x0000000008009ae4                HAL_UART_Transmit
 .text.HAL_UART_Transmit_DMA
                0x0000000008009bf8       0xf8 CMakeFiles/FCC_CMAKE_TEST.dir/Drivers/STM32L4xx_HAL_Driver/Src/stm32l4xx_hal_uart.c.obj
                0x0000000008009bf8                HAL_UART_Transmit_DMA
 .text.HAL_UART_Receive_DMA
                0x0000000008009cf0       0x98 CMakeFiles/FCC_CMAKE_TEST.dir/Drivers/STM32L4xx_HAL_Driver/Src/stm32l4xx_hal_uart.c.obj
                0x0000000008009cf0                HAL_UART_Receive_DMA
 .text.HAL_UART_IRQHandler
                0x0000000008009d88      0x5d4 CMakeFiles/FCC_CMAKE_TEST.dir/Drivers/STM32L4xx_HAL_Driver/Src/stm32l4xx_hal_uart.c.obj
                0x0000000008009d88                HAL_UART_IRQHandler
 .text.HAL_UART_TxCpltCallback
                0x000000000800a35c       0x14 CMakeFiles/FCC_CMAKE_TEST.dir/Drivers/STM32L4xx_HAL_Driver/Src/stm32l4xx_hal_uart.c.obj
                0x000000000800a35c                HAL_UART_TxCpltCallback
 .text.HAL_UART_TxHalfCpltCallback
                0x000000000800a370       0x14 CMakeFiles/FCC_CMAKE_TEST.dir/Drivers/STM32L4xx_HAL_Driver/Src/stm32l4xx_hal_uart.c.obj
                0x000000000800a370                HAL_UART_TxHalfCpltCallback
 .text.HAL_UART_RxHalfCpltCallback
                0x000000000800a384       0x14 CMakeFiles/FCC_CMAKE_TEST.dir/Drivers/STM32L4xx_HAL_Driver/Src/stm32l4xx_hal_uart.c.obj
                0x000000000800a384                HAL_UART_RxHalfCpltCallback
 .text.HAL_UART_ErrorCallback
                0x000000000800a398       0x14 CMakeFiles/FCC_CMAKE_TEST.dir/Drivers/STM32L4xx_HAL_Driver/Src/stm32l4xx_hal_uart.c.obj
                0x000000000800a398                HAL_UART_ErrorCallback
 .text.HAL_UARTEx_RxEventCallback
                0x000000000800a3ac       0x18 CMakeFiles/FCC_CMAKE_TEST.dir/Drivers/STM32L4xx_HAL_Driver/Src/stm32l4xx_hal_uart.c.obj
                0x000000000800a3ac                HAL_UARTEx_RxEventCallback
 .text.UART_SetConfig
                0x000000000800a3c4      0x458 CMakeFiles/FCC_CMAKE_TEST.dir/Drivers/STM32L4xx_HAL_Driver/Src/stm32l4xx_hal_uart.c.obj
                0x000000000800a3c4                UART_SetConfig
 .text.UART_AdvFeatureConfig
                0x000000000800a81c      0x144 CMakeFiles/FCC_CMAKE_TEST.dir/Drivers/STM32L4xx_HAL_Driver/Src/stm32l4xx_hal_uart.c.obj
                0x000000000800a81c                UART_AdvFeatureConfig
 .text.UART_CheckIdleState
                0x000000000800a960      0x150 CMakeFiles/FCC_CMAKE_TEST.dir/Drivers/STM32L4xx_HAL_Driver/Src/stm32l4xx_hal_uart.c.obj
                0x000000000800a960                UART_CheckIdleState
 .text.UART_WaitOnFlagUntilTimeout
                0x000000000800aab0       0xce CMakeFiles/FCC_CMAKE_TEST.dir/Drivers/STM32L4xx_HAL_Driver/Src/stm32l4xx_hal_uart.c.obj
                0x000000000800aab0                UART_WaitOnFlagUntilTimeout
 *fill*         0x000000000800ab7e        0x2 
 .text.UART_Start_Receive_DMA
                0x000000000800ab80      0x140 CMakeFiles/FCC_CMAKE_TEST.dir/Drivers/STM32L4xx_HAL_Driver/Src/stm32l4xx_hal_uart.c.obj
                0x000000000800ab80                UART_Start_Receive_DMA
 .text.UART_EndTxTransfer
                0x000000000800acc0       0x4c CMakeFiles/FCC_CMAKE_TEST.dir/Drivers/STM32L4xx_HAL_Driver/Src/stm32l4xx_hal_uart.c.obj
 .text.UART_EndRxTransfer
                0x000000000800ad0c       0xc8 CMakeFiles/FCC_CMAKE_TEST.dir/Drivers/STM32L4xx_HAL_Driver/Src/stm32l4xx_hal_uart.c.obj
 .text.UART_DMATransmitCplt
                0x000000000800add4       0x9a CMakeFiles/FCC_CMAKE_TEST.dir/Drivers/STM32L4xx_HAL_Driver/Src/stm32l4xx_hal_uart.c.obj
 .text.UART_DMATxHalfCplt
                0x000000000800ae6e       0x1c CMakeFiles/FCC_CMAKE_TEST.dir/Drivers/STM32L4xx_HAL_Driver/Src/stm32l4xx_hal_uart.c.obj
 .text.UART_DMAReceiveCplt
                0x000000000800ae8a      0x12c CMakeFiles/FCC_CMAKE_TEST.dir/Drivers/STM32L4xx_HAL_Driver/Src/stm32l4xx_hal_uart.c.obj
 .text.UART_DMARxHalfCplt
                0x000000000800afb6       0x3e CMakeFiles/FCC_CMAKE_TEST.dir/Drivers/STM32L4xx_HAL_Driver/Src/stm32l4xx_hal_uart.c.obj
 .text.UART_DMAError
                0x000000000800aff4       0x7e CMakeFiles/FCC_CMAKE_TEST.dir/Drivers/STM32L4xx_HAL_Driver/Src/stm32l4xx_hal_uart.c.obj
 .text.UART_DMAAbortOnError
                0x000000000800b072       0x2c CMakeFiles/FCC_CMAKE_TEST.dir/Drivers/STM32L4xx_HAL_Driver/Src/stm32l4xx_hal_uart.c.obj
 .text.UART_EndTransmit_IT
                0x000000000800b09e       0x54 CMakeFiles/FCC_CMAKE_TEST.dir/Drivers/STM32L4xx_HAL_Driver/Src/stm32l4xx_hal_uart.c.obj
 .text.HAL_UARTEx_WakeupCallback
                0x000000000800b0f2       0x14 CMakeFiles/FCC_CMAKE_TEST.dir/Drivers/STM32L4xx_HAL_Driver/Src/stm32l4xx_hal_uart_ex.c.obj
                0x000000000800b0f2                HAL_UARTEx_WakeupCallback
 *fill*         0x000000000800b106        0x2 
 .text.SystemInit
                0x000000000800b108       0x24 CMakeFiles/FCC_CMAKE_TEST.dir/Core/Src/system_stm32l4xx.c.obj
                0x000000000800b108                SystemInit
 .text.vListInitialise
                0x000000000800b12c       0x40 CMakeFiles/FCC_CMAKE_TEST.dir/Middlewares/Third_Party/FreeRTOS/Source/list.c.obj
                0x000000000800b12c                vListInitialise
 .text.vListInitialiseItem
                0x000000000800b16c       0x1a CMakeFiles/FCC_CMAKE_TEST.dir/Middlewares/Third_Party/FreeRTOS/Source/list.c.obj
                0x000000000800b16c                vListInitialiseItem
 .text.vListInsertEnd
                0x000000000800b186       0x48 CMakeFiles/FCC_CMAKE_TEST.dir/Middlewares/Third_Party/FreeRTOS/Source/list.c.obj
                0x000000000800b186                vListInsertEnd
 .text.vListInsert
                0x000000000800b1ce       0x72 CMakeFiles/FCC_CMAKE_TEST.dir/Middlewares/Third_Party/FreeRTOS/Source/list.c.obj
                0x000000000800b1ce                vListInsert
 .text.uxListRemove
                0x000000000800b240       0x54 CMakeFiles/FCC_CMAKE_TEST.dir/Middlewares/Third_Party/FreeRTOS/Source/list.c.obj
                0x000000000800b240                uxListRemove
 .text.xQueueGenericReset
                0x000000000800b294       0xd0 CMakeFiles/FCC_CMAKE_TEST.dir/Middlewares/Third_Party/FreeRTOS/Source/queue.c.obj
                0x000000000800b294                xQueueGenericReset
 .text.xQueueGenericCreateStatic
                0x000000000800b364       0xf0 CMakeFiles/FCC_CMAKE_TEST.dir/Middlewares/Third_Party/FreeRTOS/Source/queue.c.obj
                0x000000000800b364                xQueueGenericCreateStatic
 .text.xQueueGenericCreate
                0x000000000800b454       0x74 CMakeFiles/FCC_CMAKE_TEST.dir/Middlewares/Third_Party/FreeRTOS/Source/queue.c.obj
                0x000000000800b454                xQueueGenericCreate
 .text.prvInitialiseNewQueue
                0x000000000800b4c8       0x46 CMakeFiles/FCC_CMAKE_TEST.dir/Middlewares/Third_Party/FreeRTOS/Source/queue.c.obj
 .text.xQueueCreateCountingSemaphoreStatic
                0x000000000800b50e       0x6e CMakeFiles/FCC_CMAKE_TEST.dir/Middlewares/Third_Party/FreeRTOS/Source/queue.c.obj
                0x000000000800b50e                xQueueCreateCountingSemaphoreStatic
 .text.xQueueCreateCountingSemaphore
                0x000000000800b57c       0x66 CMakeFiles/FCC_CMAKE_TEST.dir/Middlewares/Third_Party/FreeRTOS/Source/queue.c.obj
                0x000000000800b57c                xQueueCreateCountingSemaphore
 *fill*         0x000000000800b5e2        0x2 
 .text.xQueueGenericSend
                0x000000000800b5e4      0x1fc CMakeFiles/FCC_CMAKE_TEST.dir/Middlewares/Third_Party/FreeRTOS/Source/queue.c.obj
                0x000000000800b5e4                xQueueGenericSend
 .text.xQueueGenericSendFromISR
                0x000000000800b7e0      0x136 CMakeFiles/FCC_CMAKE_TEST.dir/Middlewares/Third_Party/FreeRTOS/Source/queue.c.obj
                0x000000000800b7e0                xQueueGenericSendFromISR
 .text.xQueueGiveFromISR
                0x000000000800b916      0x11a CMakeFiles/FCC_CMAKE_TEST.dir/Middlewares/Third_Party/FreeRTOS/Source/queue.c.obj
                0x000000000800b916                xQueueGiveFromISR
 .text.xQueueReceive
                0x000000000800ba30      0x1c0 CMakeFiles/FCC_CMAKE_TEST.dir/Middlewares/Third_Party/FreeRTOS/Source/queue.c.obj
                0x000000000800ba30                xQueueReceive
 .text.xQueueSemaphoreTake
                0x000000000800bbf0      0x218 CMakeFiles/FCC_CMAKE_TEST.dir/Middlewares/Third_Party/FreeRTOS/Source/queue.c.obj
                0x000000000800bbf0                xQueueSemaphoreTake
 .text.xQueueReceiveFromISR
                0x000000000800be08      0x100 CMakeFiles/FCC_CMAKE_TEST.dir/Middlewares/Third_Party/FreeRTOS/Source/queue.c.obj
                0x000000000800be08                xQueueReceiveFromISR
 .text.vQueueDelete
                0x000000000800bf08       0x46 CMakeFiles/FCC_CMAKE_TEST.dir/Middlewares/Third_Party/FreeRTOS/Source/queue.c.obj
                0x000000000800bf08                vQueueDelete
 .text.prvGetDisinheritPriorityAfterTimeout
                0x000000000800bf4e       0x30 CMakeFiles/FCC_CMAKE_TEST.dir/Middlewares/Third_Party/FreeRTOS/Source/queue.c.obj
 .text.prvCopyDataToQueue
                0x000000000800bf7e       0xd4 CMakeFiles/FCC_CMAKE_TEST.dir/Middlewares/Third_Party/FreeRTOS/Source/queue.c.obj
 .text.prvCopyDataFromQueue
                0x000000000800c052       0x4c CMakeFiles/FCC_CMAKE_TEST.dir/Middlewares/Third_Party/FreeRTOS/Source/queue.c.obj
 .text.prvUnlockQueue
                0x000000000800c09e       0xa4 CMakeFiles/FCC_CMAKE_TEST.dir/Middlewares/Third_Party/FreeRTOS/Source/queue.c.obj
 .text.prvIsQueueEmpty
                0x000000000800c142       0x2c CMakeFiles/FCC_CMAKE_TEST.dir/Middlewares/Third_Party/FreeRTOS/Source/queue.c.obj
 .text.prvIsQueueFull
                0x000000000800c16e       0x30 CMakeFiles/FCC_CMAKE_TEST.dir/Middlewares/Third_Party/FreeRTOS/Source/queue.c.obj
 *fill*         0x000000000800c19e        0x2 
 .text.vQueueAddToRegistry
                0x000000000800c1a0       0x54 CMakeFiles/FCC_CMAKE_TEST.dir/Middlewares/Third_Party/FreeRTOS/Source/queue.c.obj
                0x000000000800c1a0                vQueueAddToRegistry
 .text.vQueueUnregisterQueue
                0x000000000800c1f4       0x54 CMakeFiles/FCC_CMAKE_TEST.dir/Middlewares/Third_Party/FreeRTOS/Source/queue.c.obj
                0x000000000800c1f4                vQueueUnregisterQueue
 .text.vQueueWaitForMessageRestricted
                0x000000000800c248       0x68 CMakeFiles/FCC_CMAKE_TEST.dir/Middlewares/Third_Party/FreeRTOS/Source/queue.c.obj
                0x000000000800c248                vQueueWaitForMessageRestricted
 .text.xTaskCreateStatic
                0x000000000800c2b0       0xbe CMakeFiles/FCC_CMAKE_TEST.dir/Middlewares/Third_Party/FreeRTOS/Source/tasks.c.obj
                0x000000000800c2b0                xTaskCreateStatic
 .text.xTaskCreate
                0x000000000800c36e       0x8c CMakeFiles/FCC_CMAKE_TEST.dir/Middlewares/Third_Party/FreeRTOS/Source/tasks.c.obj
                0x000000000800c36e                xTaskCreate
 .text.prvInitialiseNewTask
                0x000000000800c3fa      0x19e CMakeFiles/FCC_CMAKE_TEST.dir/Middlewares/Third_Party/FreeRTOS/Source/tasks.c.obj
 .text.prvAddNewTaskToReadyList
                0x000000000800c598       0xe0 CMakeFiles/FCC_CMAKE_TEST.dir/Middlewares/Third_Party/FreeRTOS/Source/tasks.c.obj
 .text.vTaskDelay
                0x000000000800c678       0x68 CMakeFiles/FCC_CMAKE_TEST.dir/Middlewares/Third_Party/FreeRTOS/Source/tasks.c.obj
                0x000000000800c678                vTaskDelay
 .text.vTaskStartScheduler
                0x000000000800c6e0       0xe0 CMakeFiles/FCC_CMAKE_TEST.dir/Middlewares/Third_Party/FreeRTOS/Source/tasks.c.obj
                0x000000000800c6e0                vTaskStartScheduler
 .text.vTaskSuspendAll
                0x000000000800c7c0       0x1c CMakeFiles/FCC_CMAKE_TEST.dir/Middlewares/Third_Party/FreeRTOS/Source/tasks.c.obj
                0x000000000800c7c0                vTaskSuspendAll
 .text.xTaskResumeAll
                0x000000000800c7dc      0x13c CMakeFiles/FCC_CMAKE_TEST.dir/Middlewares/Third_Party/FreeRTOS/Source/tasks.c.obj
                0x000000000800c7dc                xTaskResumeAll
 .text.xTaskGetTickCount
                0x000000000800c918       0x20 CMakeFiles/FCC_CMAKE_TEST.dir/Middlewares/Third_Party/FreeRTOS/Source/tasks.c.obj
                0x000000000800c918                xTaskGetTickCount
 .text.xTaskIncrementTick
                0x000000000800c938      0x174 CMakeFiles/FCC_CMAKE_TEST.dir/Middlewares/Third_Party/FreeRTOS/Source/tasks.c.obj
                0x000000000800c938                xTaskIncrementTick
 .text.vTaskSwitchContext
                0x000000000800caac       0xc8 CMakeFiles/FCC_CMAKE_TEST.dir/Middlewares/Third_Party/FreeRTOS/Source/tasks.c.obj
                0x000000000800caac                vTaskSwitchContext
 .text.vTaskPlaceOnEventList
                0x000000000800cb74       0x48 CMakeFiles/FCC_CMAKE_TEST.dir/Middlewares/Third_Party/FreeRTOS/Source/tasks.c.obj
                0x000000000800cb74                vTaskPlaceOnEventList
 .text.vTaskPlaceOnEventListRestricted
                0x000000000800cbbc       0x58 CMakeFiles/FCC_CMAKE_TEST.dir/Middlewares/Third_Party/FreeRTOS/Source/tasks.c.obj
                0x000000000800cbbc                vTaskPlaceOnEventListRestricted
 .text.xTaskRemoveFromEventList
                0x000000000800cc14       0xc8 CMakeFiles/FCC_CMAKE_TEST.dir/Middlewares/Third_Party/FreeRTOS/Source/tasks.c.obj
                0x000000000800cc14                xTaskRemoveFromEventList
 .text.vTaskInternalSetTimeOutState
                0x000000000800ccdc       0x2c CMakeFiles/FCC_CMAKE_TEST.dir/Middlewares/Third_Party/FreeRTOS/Source/tasks.c.obj
                0x000000000800ccdc                vTaskInternalSetTimeOutState
 .text.xTaskCheckForTimeOut
                0x000000000800cd08       0xc4 CMakeFiles/FCC_CMAKE_TEST.dir/Middlewares/Third_Party/FreeRTOS/Source/tasks.c.obj
                0x000000000800cd08                xTaskCheckForTimeOut
 .text.vTaskMissedYield
                0x000000000800cdcc       0x18 CMakeFiles/FCC_CMAKE_TEST.dir/Middlewares/Third_Party/FreeRTOS/Source/tasks.c.obj
                0x000000000800cdcc                vTaskMissedYield
 .text.prvIdleTask
                0x000000000800cde4       0x30 CMakeFiles/FCC_CMAKE_TEST.dir/Middlewares/Third_Party/FreeRTOS/Source/tasks.c.obj
 .text.prvInitialiseTaskLists
                0x000000000800ce14       0x80 CMakeFiles/FCC_CMAKE_TEST.dir/Middlewares/Third_Party/FreeRTOS/Source/tasks.c.obj
 .text.prvCheckTasksWaitingTermination
                0x000000000800ce94       0x5c CMakeFiles/FCC_CMAKE_TEST.dir/Middlewares/Third_Party/FreeRTOS/Source/tasks.c.obj
 .text.prvDeleteTCB
                0x000000000800cef0       0x68 CMakeFiles/FCC_CMAKE_TEST.dir/Middlewares/Third_Party/FreeRTOS/Source/tasks.c.obj
 .text.prvResetNextTaskUnblockTime
                0x000000000800cf58       0x40 CMakeFiles/FCC_CMAKE_TEST.dir/Middlewares/Third_Party/FreeRTOS/Source/tasks.c.obj
 .text.xTaskGetSchedulerState
                0x000000000800cf98       0x3c CMakeFiles/FCC_CMAKE_TEST.dir/Middlewares/Third_Party/FreeRTOS/Source/tasks.c.obj
                0x000000000800cf98                xTaskGetSchedulerState
 .text.xTaskPriorityInherit
                0x000000000800cfd4       0xd0 CMakeFiles/FCC_CMAKE_TEST.dir/Middlewares/Third_Party/FreeRTOS/Source/tasks.c.obj
                0x000000000800cfd4                xTaskPriorityInherit
 .text.xTaskPriorityDisinherit
                0x000000000800d0a4       0xdc CMakeFiles/FCC_CMAKE_TEST.dir/Middlewares/Third_Party/FreeRTOS/Source/tasks.c.obj
                0x000000000800d0a4                xTaskPriorityDisinherit
 .text.vTaskPriorityDisinheritAfterTimeout
                0x000000000800d180      0x104 CMakeFiles/FCC_CMAKE_TEST.dir/Middlewares/Third_Party/FreeRTOS/Source/tasks.c.obj
                0x000000000800d180                vTaskPriorityDisinheritAfterTimeout
 .text.pvTaskIncrementMutexHeldCount
                0x000000000800d284       0x28 CMakeFiles/FCC_CMAKE_TEST.dir/Middlewares/Third_Party/FreeRTOS/Source/tasks.c.obj
                0x000000000800d284                pvTaskIncrementMutexHeldCount
 .text.prvAddCurrentTaskToDelayedList
                0x000000000800d2ac       0xa8 CMakeFiles/FCC_CMAKE_TEST.dir/Middlewares/Third_Party/FreeRTOS/Source/tasks.c.obj
 .text.xTimerCreateTimerTask
                0x000000000800d354       0x90 CMakeFiles/FCC_CMAKE_TEST.dir/Middlewares/Third_Party/FreeRTOS/Source/timers.c.obj
                0x000000000800d354                xTimerCreateTimerTask
 .text.xTimerGenericCommand
                0x000000000800d3e4       0x9c CMakeFiles/FCC_CMAKE_TEST.dir/Middlewares/Third_Party/FreeRTOS/Source/timers.c.obj
                0x000000000800d3e4                xTimerGenericCommand
 .text.prvProcessExpiredTimer
                0x000000000800d480       0x98 CMakeFiles/FCC_CMAKE_TEST.dir/Middlewares/Third_Party/FreeRTOS/Source/timers.c.obj
 .text.prvTimerTask
                0x000000000800d518       0x24 CMakeFiles/FCC_CMAKE_TEST.dir/Middlewares/Third_Party/FreeRTOS/Source/timers.c.obj
 .text.prvProcessTimerOrBlockTask
                0x000000000800d53c       0x9c CMakeFiles/FCC_CMAKE_TEST.dir/Middlewares/Third_Party/FreeRTOS/Source/timers.c.obj
 .text.prvGetNextExpireTime
                0x000000000800d5d8       0x48 CMakeFiles/FCC_CMAKE_TEST.dir/Middlewares/Third_Party/FreeRTOS/Source/timers.c.obj
 .text.prvSampleTimeNow
                0x000000000800d620       0x40 CMakeFiles/FCC_CMAKE_TEST.dir/Middlewares/Third_Party/FreeRTOS/Source/timers.c.obj
 .text.prvInsertTimerInActiveList
                0x000000000800d660       0x84 CMakeFiles/FCC_CMAKE_TEST.dir/Middlewares/Third_Party/FreeRTOS/Source/timers.c.obj
 .text.prvProcessReceivedCommands
                0x000000000800d6e4      0x1c4 CMakeFiles/FCC_CMAKE_TEST.dir/Middlewares/Third_Party/FreeRTOS/Source/timers.c.obj
 .text.prvSwitchTimerLists
                0x000000000800d8a8       0xc8 CMakeFiles/FCC_CMAKE_TEST.dir/Middlewares/Third_Party/FreeRTOS/Source/timers.c.obj
 .text.prvCheckForValidListAndQueue
                0x000000000800d970       0x80 CMakeFiles/FCC_CMAKE_TEST.dir/Middlewares/Third_Party/FreeRTOS/Source/timers.c.obj
 .text.__NVIC_SetPriority
                0x000000000800d9f0       0x54 CMakeFiles/FCC_CMAKE_TEST.dir/Middlewares/Third_Party/FreeRTOS/Source/CMSIS_RTOS_V2/cmsis_os2.c.obj
 .text.SysTick_Handler
                0x000000000800da44       0x20 CMakeFiles/FCC_CMAKE_TEST.dir/Middlewares/Third_Party/FreeRTOS/Source/CMSIS_RTOS_V2/cmsis_os2.c.obj
                0x000000000800da44                SysTick_Handler
 .text.SVC_Setup
                0x000000000800da64       0x12 CMakeFiles/FCC_CMAKE_TEST.dir/Middlewares/Third_Party/FreeRTOS/Source/CMSIS_RTOS_V2/cmsis_os2.c.obj
 *fill*         0x000000000800da76        0x2 
 .text.osKernelInitialize
                0x000000000800da78       0x48 CMakeFiles/FCC_CMAKE_TEST.dir/Middlewares/Third_Party/FreeRTOS/Source/CMSIS_RTOS_V2/cmsis_os2.c.obj
                0x000000000800da78                osKernelInitialize
 .text.osKernelStart
                0x000000000800dac0       0x4c CMakeFiles/FCC_CMAKE_TEST.dir/Middlewares/Third_Party/FreeRTOS/Source/CMSIS_RTOS_V2/cmsis_os2.c.obj
                0x000000000800dac0                osKernelStart
 .text.osThreadNew
                0x000000000800db0c      0x126 CMakeFiles/FCC_CMAKE_TEST.dir/Middlewares/Third_Party/FreeRTOS/Source/CMSIS_RTOS_V2/cmsis_os2.c.obj
                0x000000000800db0c                osThreadNew
 .text.osDelay  0x000000000800dc32       0x36 CMakeFiles/FCC_CMAKE_TEST.dir/Middlewares/Third_Party/FreeRTOS/Source/CMSIS_RTOS_V2/cmsis_os2.c.obj
                0x000000000800dc32                osDelay
 .text.osSemaphoreNew
                0x000000000800dc68      0x112 CMakeFiles/FCC_CMAKE_TEST.dir/Middlewares/Third_Party/FreeRTOS/Source/CMSIS_RTOS_V2/cmsis_os2.c.obj
                0x000000000800dc68                osSemaphoreNew
 *fill*         0x000000000800dd7a        0x2 
 .text.osSemaphoreAcquire
                0x000000000800dd7c       0xa4 CMakeFiles/FCC_CMAKE_TEST.dir/Middlewares/Third_Party/FreeRTOS/Source/CMSIS_RTOS_V2/cmsis_os2.c.obj
                0x000000000800dd7c                osSemaphoreAcquire
 .text.osSemaphoreRelease
                0x000000000800de20       0x88 CMakeFiles/FCC_CMAKE_TEST.dir/Middlewares/Third_Party/FreeRTOS/Source/CMSIS_RTOS_V2/cmsis_os2.c.obj
                0x000000000800de20                osSemaphoreRelease
 .text.osMessageQueueNew
                0x000000000800dea8       0xe6 CMakeFiles/FCC_CMAKE_TEST.dir/Middlewares/Third_Party/FreeRTOS/Source/CMSIS_RTOS_V2/cmsis_os2.c.obj
                0x000000000800dea8                osMessageQueueNew
 *fill*         0x000000000800df8e        0x2 
 .text.osMessageQueuePut
                0x000000000800df90       0xc0 CMakeFiles/FCC_CMAKE_TEST.dir/Middlewares/Third_Party/FreeRTOS/Source/CMSIS_RTOS_V2/cmsis_os2.c.obj
                0x000000000800df90                osMessageQueuePut
 .text.osMessageQueueGet
                0x000000000800e050       0xbc CMakeFiles/FCC_CMAKE_TEST.dir/Middlewares/Third_Party/FreeRTOS/Source/CMSIS_RTOS_V2/cmsis_os2.c.obj
                0x000000000800e050                osMessageQueueGet
 .text.vApplicationGetIdleTaskMemory
                0x000000000800e10c       0x34 CMakeFiles/FCC_CMAKE_TEST.dir/Middlewares/Third_Party/FreeRTOS/Source/CMSIS_RTOS_V2/cmsis_os2.c.obj
                0x000000000800e10c                vApplicationGetIdleTaskMemory
 .text.vApplicationGetTimerTaskMemory
                0x000000000800e140       0x34 CMakeFiles/FCC_CMAKE_TEST.dir/Middlewares/Third_Party/FreeRTOS/Source/CMSIS_RTOS_V2/cmsis_os2.c.obj
                0x000000000800e140                vApplicationGetTimerTaskMemory
 .text.pvPortMalloc
                0x000000000800e174      0x198 CMakeFiles/FCC_CMAKE_TEST.dir/Middlewares/Third_Party/FreeRTOS/Source/portable/MemMang/heap_4.c.obj
                0x000000000800e174                pvPortMalloc
 .text.vPortFree
                0x000000000800e30c       0xc4 CMakeFiles/FCC_CMAKE_TEST.dir/Middlewares/Third_Party/FreeRTOS/Source/portable/MemMang/heap_4.c.obj
                0x000000000800e30c                vPortFree
 .text.prvHeapInit
                0x000000000800e3d0       0xc4 CMakeFiles/FCC_CMAKE_TEST.dir/Middlewares/Third_Party/FreeRTOS/Source/portable/MemMang/heap_4.c.obj
 .text.prvInsertBlockIntoFreeList
                0x000000000800e494       0xb4 CMakeFiles/FCC_CMAKE_TEST.dir/Middlewares/Third_Party/FreeRTOS/Source/portable/MemMang/heap_4.c.obj
 .text.pxPortInitialiseStack
                0x000000000800e548       0x68 CMakeFiles/FCC_CMAKE_TEST.dir/Middlewares/Third_Party/FreeRTOS/Source/portable/GCC/ARM_CM4F/port.c.obj
                0x000000000800e548                pxPortInitialiseStack
 .text.prvTaskExitError
                0x000000000800e5b0       0x58 CMakeFiles/FCC_CMAKE_TEST.dir/Middlewares/Third_Party/FreeRTOS/Source/portable/GCC/ARM_CM4F/port.c.obj
 *fill*         0x000000000800e608        0x8 
 .text.SVC_Handler
                0x000000000800e610       0x28 CMakeFiles/FCC_CMAKE_TEST.dir/Middlewares/Third_Party/FreeRTOS/Source/portable/GCC/ARM_CM4F/port.c.obj
                0x000000000800e610                SVC_Handler
 .text.prvPortStartFirstTask
                0x000000000800e638       0x28 CMakeFiles/FCC_CMAKE_TEST.dir/Middlewares/Third_Party/FreeRTOS/Source/portable/GCC/ARM_CM4F/port.c.obj
 .text.xPortStartScheduler
                0x000000000800e660      0x144 CMakeFiles/FCC_CMAKE_TEST.dir/Middlewares/Third_Party/FreeRTOS/Source/portable/GCC/ARM_CM4F/port.c.obj
                0x000000000800e660                xPortStartScheduler
 .text.vPortEnterCritical
                0x000000000800e7a4       0x60 CMakeFiles/FCC_CMAKE_TEST.dir/Middlewares/Third_Party/FreeRTOS/Source/portable/GCC/ARM_CM4F/port.c.obj
                0x000000000800e7a4                vPortEnterCritical
 .text.vPortExitCritical
                0x000000000800e804       0x54 CMakeFiles/FCC_CMAKE_TEST.dir/Middlewares/Third_Party/FreeRTOS/Source/portable/GCC/ARM_CM4F/port.c.obj
                0x000000000800e804                vPortExitCritical
 *fill*         0x000000000800e858        0x8 
 .text.PendSV_Handler
                0x000000000800e860       0x68 CMakeFiles/FCC_CMAKE_TEST.dir/Middlewares/Third_Party/FreeRTOS/Source/portable/GCC/ARM_CM4F/port.c.obj
                0x000000000800e860                PendSV_Handler
 .text.xPortSysTickHandler
                0x000000000800e8c8       0x44 CMakeFiles/FCC_CMAKE_TEST.dir/Middlewares/Third_Party/FreeRTOS/Source/portable/GCC/ARM_CM4F/port.c.obj
                0x000000000800e8c8                xPortSysTickHandler
 .text.vPortSetupTimerInterrupt
                0x000000000800e90c       0x48 CMakeFiles/FCC_CMAKE_TEST.dir/Middlewares/Third_Party/FreeRTOS/Source/portable/GCC/ARM_CM4F/port.c.obj
                0x000000000800e90c                vPortSetupTimerInterrupt
 .text.vPortEnableVFP
                0x000000000800e954       0x14 CMakeFiles/FCC_CMAKE_TEST.dir/Middlewares/Third_Party/FreeRTOS/Source/portable/GCC/ARM_CM4F/port.c.obj
 .text.vPortValidateInterruptPriority
                0x000000000800e968       0x80 CMakeFiles/FCC_CMAKE_TEST.dir/Middlewares/Third_Party/FreeRTOS/Source/portable/GCC/ARM_CM4F/port.c.obj
                0x000000000800e968                vPortValidateInterruptPriority
 .text._sbrk    0x000000000800e9e8       0x6c CMakeFiles/FCC_CMAKE_TEST.dir/Core/Src/sysmem.c.obj
                0x000000000800e9e8                _sbrk
 .text._getpid  0x000000000800ea54       0x10 CMakeFiles/FCC_CMAKE_TEST.dir/Core/Src/syscalls.c.obj
                0x000000000800ea54                _getpid
 .text._kill    0x000000000800ea64       0x20 CMakeFiles/FCC_CMAKE_TEST.dir/Core/Src/syscalls.c.obj
                0x000000000800ea64                _kill
 .text._exit    0x000000000800ea84       0x14 CMakeFiles/FCC_CMAKE_TEST.dir/Core/Src/syscalls.c.obj
                0x000000000800ea84                _exit
 .text._read    0x000000000800ea98       0x3a CMakeFiles/FCC_CMAKE_TEST.dir/Core/Src/syscalls.c.obj
                0x000000000800ea98                _read
 .text._close   0x000000000800ead2       0x18 CMakeFiles/FCC_CMAKE_TEST.dir/Core/Src/syscalls.c.obj
                0x000000000800ead2                _close
 .text._fstat   0x000000000800eaea       0x20 CMakeFiles/FCC_CMAKE_TEST.dir/Core/Src/syscalls.c.obj
                0x000000000800eaea                _fstat
 .text._isatty  0x000000000800eb0a       0x16 CMakeFiles/FCC_CMAKE_TEST.dir/Core/Src/syscalls.c.obj
                0x000000000800eb0a                _isatty
 .text._lseek   0x000000000800eb20       0x1a CMakeFiles/FCC_CMAKE_TEST.dir/Core/Src/syscalls.c.obj
                0x000000000800eb20                _lseek
 *fill*         0x000000000800eb3a        0x2 
 .text.Reset_Handler
                0x000000000800eb3c       0x50 CMakeFiles/FCC_CMAKE_TEST.dir/startup_stm32l432xx.s.obj
                0x000000000800eb3c                Reset_Handler
 .text.Default_Handler
                0x000000000800eb8c        0x2 CMakeFiles/FCC_CMAKE_TEST.dir/startup_stm32l432xx.s.obj
                0x000000000800eb8c                RTC_Alarm_IRQHandler
                0x000000000800eb8c                EXTI2_IRQHandler
                0x000000000800eb8c                TIM1_CC_IRQHandler
                0x000000000800eb8c                TSC_IRQHandler
                0x000000000800eb8c                TAMP_STAMP_IRQHandler
                0x000000000800eb8c                LPTIM2_IRQHandler
                0x000000000800eb8c                I2C3_ER_IRQHandler
                0x000000000800eb8c                EXTI0_IRQHandler
                0x000000000800eb8c                FPU_IRQHandler
                0x000000000800eb8c                SPI1_IRQHandler
                0x000000000800eb8c                TIM6_DAC_IRQHandler
                0x000000000800eb8c                DMA2_Channel2_IRQHandler
                0x000000000800eb8c                ADC1_IRQHandler
                0x000000000800eb8c                DMA1_Channel7_IRQHandler
                0x000000000800eb8c                DMA2_Channel1_IRQHandler
                0x000000000800eb8c                QUADSPI_IRQHandler
                0x000000000800eb8c                I2C1_EV_IRQHandler
                0x000000000800eb8c                DMA1_Channel6_IRQHandler
                0x000000000800eb8c                DMA2_Channel4_IRQHandler
                0x000000000800eb8c                RCC_IRQHandler
                0x000000000800eb8c                TIM1_TRG_COM_IRQHandler
                0x000000000800eb8c                DMA1_Channel1_IRQHandler
                0x000000000800eb8c                Default_Handler
                0x000000000800eb8c                DMA2_Channel7_IRQHandler
                0x000000000800eb8c                TIM7_IRQHandler
                0x000000000800eb8c                I2C3_EV_IRQHandler
                0x000000000800eb8c                USB_IRQHandler
                0x000000000800eb8c                RTC_WKUP_IRQHandler
                0x000000000800eb8c                PVD_PVM_IRQHandler
                0x000000000800eb8c                DMA2_Channel5_IRQHandler
                0x000000000800eb8c                CRS_IRQHandler
                0x000000000800eb8c                RNG_IRQHandler
                0x000000000800eb8c                DMA1_Channel3_IRQHandler
                0x000000000800eb8c                COMP_IRQHandler
                0x000000000800eb8c                WWDG_IRQHandler
                0x000000000800eb8c                LPUART1_IRQHandler
                0x000000000800eb8c                DMA2_Channel6_IRQHandler
                0x000000000800eb8c                TIM2_IRQHandler
                0x000000000800eb8c                EXTI1_IRQHandler
                0x000000000800eb8c                USART2_IRQHandler
                0x000000000800eb8c                DMA1_Channel2_IRQHandler
                0x000000000800eb8c                CAN1_SCE_IRQHandler
                0x000000000800eb8c                FLASH_IRQHandler
                0x000000000800eb8c                SPI3_IRQHandler
                0x000000000800eb8c                I2C1_ER_IRQHandler
                0x000000000800eb8c                SWPMI1_IRQHandler
                0x000000000800eb8c                LPTIM1_IRQHandler
                0x000000000800eb8c                SAI1_IRQHandler
                0x000000000800eb8c                DMA2_Channel3_IRQHandler
                0x000000000800eb8c                TIM1_BRK_TIM15_IRQHandler
 *fill*         0x000000000800eb8e        0x2 
 .text.__errno  0x000000000800eb90        0xc /usr/share/gcc-arm-none-eabi-10.3-2021.10/bin/../lib/gcc/arm-none-eabi/10.3.1/../../../../arm-none-eabi/lib/thumb/v7e-m+fp/hard/libg_nano.a(lib_a-errno.o)
                0x000000000800eb90                __errno
 .text.printf   0x000000000800eb9c       0x30 /usr/share/gcc-arm-none-eabi-10.3-2021.10/bin/../lib/gcc/arm-none-eabi/10.3.1/../../../../arm-none-eabi/lib/thumb/v7e-m+fp/hard/libg_nano.a(lib_a-printf.o)
                0x000000000800eb9c                printf
                0x000000000800eb9c                iprintf
 .text._puts_r  0x000000000800ebcc       0xdc /usr/share/gcc-arm-none-eabi-10.3-2021.10/bin/../lib/gcc/arm-none-eabi/10.3.1/../../../../arm-none-eabi/lib/thumb/v7e-m+fp/hard/libg_nano.a(lib_a-puts.o)
                0x000000000800ebcc                _puts_r
 .text.puts     0x000000000800eca8       0x10 /usr/share/gcc-arm-none-eabi-10.3-2021.10/bin/../lib/gcc/arm-none-eabi/10.3.1/../../../../arm-none-eabi/lib/thumb/v7e-m+fp/hard/libg_nano.a(lib_a-puts.o)
                0x000000000800eca8                puts
 .text.sqrt     0x000000000800ecb8       0x68 /usr/share/gcc-arm-none-eabi-10.3-2021.10/bin/../lib/gcc/arm-none-eabi/10.3.1/../../../../arm-none-eabi/lib/thumb/v7e-m+fp/hard/libm.a(lib_a-w_sqrt.o)
                0x000000000800ecb8                sqrt
 .text.logf     0x000000000800ed20       0x60 /usr/share/gcc-arm-none-eabi-10.3-2021.10/bin/../lib/gcc/arm-none-eabi/10.3.1/../../../../arm-none-eabi/lib/thumb/v7e-m+fp/hard/libm.a(lib_a-wf_log.o)
                0x000000000800ed20                logf
 .text.powf     0x000000000800ed80       0xbc /usr/share/gcc-arm-none-eabi-10.3-2021.10/bin/../lib/gcc/arm-none-eabi/10.3.1/../../../../arm-none-eabi/lib/thumb/v7e-m+fp/hard/libm.a(lib_a-wf_pow.o)
                0x000000000800ed80                powf
 .text.__ieee754_sqrt
                0x000000000800ee3c      0x198 /usr/share/gcc-arm-none-eabi-10.3-2021.10/bin/../lib/gcc/arm-none-eabi/10.3.1/../../../../arm-none-eabi/lib/thumb/v7e-m+fp/hard/libm.a(lib_a-e_sqrt.o)
                0x000000000800ee3c                __ieee754_sqrt
 .text.__ieee754_logf
                0x000000000800efd4      0x200 /usr/share/gcc-arm-none-eabi-10.3-2021.10/bin/../lib/gcc/arm-none-eabi/10.3.1/../../../../arm-none-eabi/lib/thumb/v7e-m+fp/hard/libm.a(lib_a-ef_log.o)
                0x000000000800efd4                __ieee754_logf
 .text.__ieee754_powf
                0x000000000800f1d4      0x628 /usr/share/gcc-arm-none-eabi-10.3-2021.10/bin/../lib/gcc/arm-none-eabi/10.3.1/../../../../arm-none-eabi/lib/thumb/v7e-m+fp/hard/libm.a(lib_a-ef_pow.o)
                0x000000000800f1d4                __ieee754_powf
 .text.__ieee754_sqrtf
                0x000000000800f7fc        0x8 /usr/share/gcc-arm-none-eabi-10.3-2021.10/bin/../lib/gcc/arm-none-eabi/10.3.1/../../../../arm-none-eabi/lib/thumb/v7e-m+fp/hard/libm.a(lib_a-ef_sqrt.o)
                0x000000000800f7fc                __ieee754_sqrtf
 .text.with_errnof
                0x000000000800f804       0x18 /usr/share/gcc-arm-none-eabi-10.3-2021.10/bin/../lib/gcc/arm-none-eabi/10.3.1/../../../../arm-none-eabi/lib/thumb/v7e-m+fp/hard/libm.a(lib_a-math_errf.o)
 .text.xflowf   0x000000000800f81c       0x20 /usr/share/gcc-arm-none-eabi-10.3-2021.10/bin/../lib/gcc/arm-none-eabi/10.3.1/../../../../arm-none-eabi/lib/thumb/v7e-m+fp/hard/libm.a(lib_a-math_errf.o)
 .text.__math_uflowf