../Core/Src/freertos.c:146:13:configureTimerForRunTimeStats	4	static
../Core/Src/freertos.c:150:22:getRunTimeCounterValue	4	static
../Core/Src/freertos.c:153:33:breakpoint	4	static,ignoring_inline_asm
../Core/Src/freertos.c:165:6:MX_FREERTOS_Init	8	static
../Core/Src/freertos.c:245:6:startMainThread	16	static
../Core/Src/freertos.c:263:6:startCANThread	64	static
../Core/Src/freertos.c:306:6:startRFThread	24	static
../Core/Src/freertos.c:343:6:HAL_CAN_RxFifo0MsgPendingCallback	16	static
../Core/Src/freertos.c:373:6:HAL_CAN_RxFifo1MsgPendingCallback	16	static
../Core/Src/freertos.c:406:6:rfm_precision_sleep	16	static
../Core/Src/freertos.c:410:6:HAL_GPIO_EXTI_Callback	16	static
