../Core/Src/freertos-abis-school-pc3.c:149:13:configureTimerForRunTimeStats	4	static
../Core/Src/freertos-abis-school-pc3.c:153:22:getRunTimeCounterValue	4	static
../Core/Src/freertos-abis-school-pc3.c:156:33:breakpoint	4	static,ignoring_inline_asm
../Core/Src/freertos-abis-school-pc3.c:168:6:MX_FREERTOS_Init	8	static
../Core/Src/freertos-abis-school-pc3.c:240:6:startMainThread	16	static
../Core/Src/freertos-abis-school-pc3.c:262:6:startCANThread	40	static
../Core/Src/freertos-abis-school-pc3.c:290:6:startRFThread	24	static
../Core/Src/freertos-abis-school-pc3.c:305:6:HAL_CAN_RxFifo0MsgPendingCallback	16	static
../Core/Src/freertos-abis-school-pc3.c:324:6:HAL_CAN_RxFifo1MsgPendingCallback	16	static
../Core/Src/freertos-abis-school-pc3.c:339:6:HAL_CAN_TxMailbox0CompleteCallback	16	static
../Core/Src/freertos-abis-school-pc3.c:343:6:HAL_CAN_TxMailbox1CompleteCallback	16	static
../Core/Src/freertos-abis-school-pc3.c:347:6:HAL_CAN_TxMailbox2CompleteCallback	16	static
../Core/Src/freertos-abis-school-pc3.c:351:6:HAL_GPIO_EXTI_Callback	16	static
