../Core/Src/freertos.c:144:13:configureTimerForRunTimeStats	4	static
../Core/Src/freertos.c:148:22:getRunTimeCounterValue	4	static
../Core/Src/freertos.c:151:33:breakpoint	4	static,ignoring_inline_asm
../Core/Src/freertos.c:163:6:MX_FREERTOS_Init	8	static
../Core/Src/freertos.c:243:6:startMainThread	16	static
../Core/Src/freertos.c:261:6:startCANThread	64	static
../Core/Src/freertos.c:304:6:startRFThread	24	static
../Core/Src/freertos.c:341:6:HAL_CAN_RxFifo0MsgPendingCallback	16	static
../Core/Src/freertos.c:371:6:HAL_CAN_RxFifo1MsgPendingCallback	16	static
../Core/Src/freertos.c:404:6:HAL_GPIO_EXTI_Callback	16	static
