../Core/Src/rf-rfm95.c:17:5:rf_set_op_mode	24	static
../Core/Src/rf-rfm95.c:50:5:rf_initialize_radio	32	static
../Core/Src/rf-rfm95.c:156:5:rf_send	64	static
../Core/Src/rf-rfm95.c:287:5:rf_set_frequency	32	static
../Core/Src/rf-rfm95.c:302:5:rf_set_tx_power	24	static
../Core/Src/rf-rfm95.c:342:5:rf_inturrupt_clbk	16	static
../Core/Src/rf-rfm95.c:347:5:rf_spi_read_register	32	static
../Core/Src/rf-rfm95.c:373:5:rf_spi_write_register	32	static
../Core/Src/rf-rfm95.c:395:5:rf_reset	16	static
../Core/Src/rf-rfm95.c:413:5:rf_listen	32	static
../Core/Src/rf-rfm95.c:458:5:rf_listen_implicit	32	static
../Core/Src/rf-rfm95.c:509:5:rf_available	24	static
../Core/Src/rf-rfm95.c:520:5:rf_peek	24	static
../Core/Src/rf-rfm95.c:545:5:rf_dump_registers	24	static
../Core/Src/rf-rfm95.c:557:5:rf_set_sync_word	16	static
../Core/Src/rf-rfm95.c:564:5:rf_set_spread_factor	48	static
../Core/Src/rf-rfm95.c:660:5:rf_get_spread_factor	24	static
../Core/Src/rf-rfm95.c:674:5:rf_set_bandwidth	24	static
../Core/Src/rf-rfm95.c:696:5:rf_get_bandwidth	24	static
../Core/Src/rf-rfm95.c:746:5:rf_recieve_single	32	static
../Core/Src/rf-rfm95.c:850:5:rf_read	16	static
../Core/Src/rf-rfm95.c:863:5:rf_read_packet	32	static
