../Core/Src/rfm95.c:73:13:read_register	32	static
../Core/Src/rfm95.c:92:13:write_register	24	static
../Core/Src/rfm95.c:107:13:config_set_channel	24	static
../Core/Src/rfm95.c:114:13:config_load_default	16	static
../Core/Src/rfm95.c:126:13:reset	16	static
../Core/Src/rfm95.c:136:13:configure_frequency	32	static
../Core/Src/rfm95.c:148:13:configure_channel	16	static
../Core/Src/rfm95.c:154:13:wait_for_irq	32	static
../Core/Src/rfm95.c:167:13:wait_for_rx_irqs	24	static
../Core/Src/rfm95.c:181:6:rfm95_set_power	24	static
../Core/Src/rfm95.c:207:6:rfm95_init	24	static
../Core/Src/rfm95.c:271:13:process_mac_commands	56	static
../Core/Src/rfm95.c:409:13:receive_at_scheduled_time	16	static
../Core/Src/rfm95.c:435:13:calculate_rx_timings	72	static
../Core/Src/rfm95.c:448:13:receive_package	56	static
../Core/Src/rfm95.c:533:13:send_package	32	static
../Core/Src/rfm95.c:589:15:encode_phy_payload	64	static
../Core/Src/rfm95.c:631:13:decode_phy_payload	64	static
../Core/Src/rfm95.c:689:16:select_random_channel	24	static
../Core/Src/rfm95.c:714:6:rfm95_send_receive_cycle	176	static
../Core/Src/rfm95.c:797:6:rfm95_on_interrupt	24	static
