../Core/Src/stm32l4xx_it.c:69:6:NMI_Handler	8	static
../Core/Src/stm32l4xx_it.c:84:6:HardFault_Handler	56	static
../Core/Src/stm32l4xx_it.c:131:6:MemManage_Handler	4	static
../Core/Src/stm32l4xx_it.c:146:6:BusFault_Handler	4	static
../Core/Src/stm32l4xx_it.c:161:6:UsageFault_Handler	4	static
../Core/Src/stm32l4xx_it.c:176:6:SVC_Handler	4	static
../Core/Src/stm32l4xx_it.c:189:6:DebugMon_Handler	4	static
../Core/Src/stm32l4xx_it.c:202:6:PendSV_Handler	4	static
../Core/Src/stm32l4xx_it.c:215:6:SysTick_Handler	8	static
