../Core/Src/stm32l4xx_it.c:71:6:NMI_Handler	8	static
../Core/Src/stm32l4xx_it.c:86:6:HardFault_Handler	16	static
../Core/Src/stm32l4xx_it.c:111:6:MemManage_Handler	4	static
../Core/Src/stm32l4xx_it.c:126:6:BusFault_Handler	4	static
../Core/Src/stm32l4xx_it.c:141:6:UsageFault_Handler	4	static
../Core/Src/stm32l4xx_it.c:156:6:DebugMon_Handler	4	static
../Core/Src/stm32l4xx_it.c:176:6:CAN1_TX_IRQHandler	8	static
../Core/Src/stm32l4xx_it.c:190:6:CAN1_RX0_IRQHandler	8	static
../Core/Src/stm32l4xx_it.c:204:6:CAN1_RX1_IRQHandler	8	static
../Core/Src/stm32l4xx_it.c:218:6:TIM6_DAC_IRQHandler	8	static
