../Core/Src/main.c:160:6:HAL_ADC_ConvCpltCallback	16	static
../Core/Src/main.c:167:6:HAL_CAN_RxFifo0MsgPendingCallback	16	static
../Core/Src/main.c:185:6:HAL_CAN_TxMailbox0CompleteCallback	16	static
../Core/Src/main.c:191:6:HAL_CAN_TxMailbox1CompleteCallback	16	static
../Core/Src/main.c:197:6:HAL_CAN_TxMailbox2CompleteCallback	16	static
../Core/Src/main.c:204:19:HAL_CAN_SafeAddTxMessage	56	static
../Core/Src/main.c:247:5:main	8	static
../Core/Src/main.c:344:6:SystemClock_Config	96	static
../Core/Src/main.c:393:13:MX_ADC1_Init	32	static
../Core/Src/main.c:487:13:MX_CAN1_Init	8	static
../Core/Src/main.c:524:13:MX_USART1_UART_Init	8	static
../Core/Src/main.c:557:13:MX_DMA_Init	16	static
../Core/Src/main.c:575:13:MX_GPIO_Init	48	static
../Core/Src/main.c:654:6:StartAdcTask	40	static
../Core/Src/main.c:695:6:StartCanRtrTask	32	static
../Core/Src/main.c:726:6:StartCanDataTask	24	static
../Core/Src/main.c:766:6:StartBattMonTask	16	static
../Core/Src/main.c:785:6:HAL_TIM_PeriodElapsedCallback	16	static
../Core/Src/main.c:802:6:Error_Handler	4	static,ignoring_inline_asm
