../Core/Src/main.c:150:5:_write	24	static
../Core/Src/main.c:158:6:HAL_ADC_ConvCpltCallback	16	static
../Core/Src/main.c:165:6:HAL_CAN_RxFifo0MsgPendingCallback	16	static
../Core/Src/main.c:182:6:HAL_CAN_TxMailbox0CompleteCallback	16	static
../Core/Src/main.c:188:6:HAL_CAN_TxMailbox1CompleteCallback	16	static
../Core/Src/main.c:194:6:HAL_CAN_TxMailbox2CompleteCallback	16	static
../Core/Src/main.c:201:19:HAL_CAN_SafeAddTxMessage	56	static
../Core/Src/main.c:243:5:main	8	static
../Core/Src/main.c:348:6:SystemClock_Config	96	static
../Core/Src/main.c:395:13:MX_ADC1_Init	32	static
../Core/Src/main.c:482:13:MX_CAN1_Init	8	static
../Core/Src/main.c:517:13:MX_USART1_UART_Init	8	static
../Core/Src/main.c:548:13:MX_DMA_Init	16	static
../Core/Src/main.c:565:13:MX_GPIO_Init	48	static
../Core/Src/main.c:644:6:StartAdcTask	24	static
../Core/Src/main.c:685:6:StartCanRtrTask	32	static
../Core/Src/main.c:715:6:StartCanDataTask	24	static
../Core/Src/main.c:754:6:StartBattMonTask	24	static
../Core/Src/main.c:807:6:HAL_TIM_PeriodElapsedCallback	16	static
../Core/Src/main.c:823:6:Error_Handler	4	static,ignoring_inline_asm
