../Core/Src/main.c:128:5:_write	24	static
../Core/Src/main.c:140:5:main	8	static
../Core/Src/main.c:250:6:SystemClock_Config	96	static
../Core/Src/main.c:304:13:MX_ADC1_Init	32	static
../Core/Src/main.c:362:13:MX_CAN1_Init	48	static
../Core/Src/main.c:438:13:MX_I2C1_Init	8	static
../Core/Src/main.c:486:13:MX_USART1_UART_Init	8	static
../Core/Src/main.c:519:13:MX_DMA_Init	16	static
../Core/Src/main.c:537:13:MX_GPIO_Init	40	static
../Core/Src/main.c:593:6:HAL_ADC_ConvHalfCpltCallback	16	static
../Core/Src/main.c:597:6:HAL_ADC_ConvCpltCallback	16	static
../Core/Src/main.c:605:5:CAN_Transmit	24	static
../Core/Src/main.c:621:8:user_i2c_read	24	static
../Core/Src/main.c:631:6:user_delay_ms	16	static
../Core/Src/main.c:635:8:user_i2c_write	56	dynamic
../Core/Src/main.c:665:6:StartDefaultTask	104	static
../Core/Src/main.c:743:6:StartTask02	24	static
../Core/Src/main.c:790:6:HAL_TIM_PeriodElapsedCallback	16	static
../Core/Src/main.c:807:6:Error_Handler	4	static,ignoring_inline_asm
